Archive member included because of file (symbol)

../cross_compiler/lib/gcc/arm-none-eabi/4.8.1//libgcc.a(_udivsi3.o)
                              binaries/qsort.o (__aeabi_uidiv)
../cross_compiler/lib/gcc/arm-none-eabi/4.8.1//libgcc.a(_divsi3.o)
                              binaries/doprnt.o (__aeabi_idiv)
../cross_compiler/lib/gcc/arm-none-eabi/4.8.1//libgcc.a(_dvmd_tls.o)
                              ../cross_compiler/lib/gcc/arm-none-eabi/4.8.1//libgcc.a(_udivsi3.o) (__aeabi_idiv0)
../cross_compiler/lib/gcc/arm-none-eabi/4.8.1//libgcc.a(_arm_muldivdf3.o)
                              binaries/doprnt.o (__aeabi_dmul)
../cross_compiler/lib/gcc/arm-none-eabi/4.8.1//libgcc.a(_arm_cmpdf2.o)
                              binaries/doprnt.o (__aeabi_dcmplt)
../cross_compiler/lib/gcc/arm-none-eabi/4.8.1//libgcc.a(_arm_fixdfsi.o)
                              binaries/doprnt.o (__aeabi_d2iz)

Allocating common symbols
Common symbol       size              file

netbufpool          0x4               binaries/net.o
readylist           0x2               binaries/ready.o
rfltab              0x5a0             binaries/rflinit.o
netportseed         0x4               binaries/net.o
sleepq              0x2               binaries/clkinit.o
gpiotab             0x10              binaries/gpioinit.o
intc_vector         0x200             binaries/evec.o
nnames              0x4               binaries/naminit.o
udptab              0x168             binaries/udp.o
minheap             0x4               binaries/meminit.o
marks               0x50              binaries/mark.o
currpid             0x4               binaries/initialize.o
Lf_data             0x20c             binaries/lfsinit.o
porttab             0x2d0             binaries/ptinit.o
ttytab              0x110             binaries/ttyinit.o
proctab             0x1770            binaries/initialize.o
eth_a_regs          0x1c              binaries/ethinit.o
prcount             0x4               binaries/initialize.o
lfltab              0xf00             binaries/lflinit.o
rdstab              0x8c              binaries/rdsinit.o
ethertab            0x138             binaries/ethinit.o
NetData             0xb0              binaries/net.o
nmarks              0x4               binaries/mark.o
Defer               0x8               binaries/resched.o
semtab              0x4b0             binaries/initialize.o
maxheap             0x4               binaries/meminit.o
preempt             0x4               binaries/clkinit.o
buftab              0xf0              binaries/bufinit.o
Rf_data             0x18              binaries/rfsinit.o
mkmutex             0x4               binaries/mark.o
count1000           0x4               binaries/clkinit.o
clktime             0x4               binaries/clkinit.o
arpcache            0x140             binaries/arp.o
icmptab             0x230             binaries/icmp.o
nbpools             0x4               binaries/bufinit.o
queuetab            0x980             binaries/queue.o
ptnextid            0x4               binaries/ptinit.o
Ram                 0x19000           binaries/raminit.o
ipoqueue            0x2c              binaries/ip.o
memlist             0x8               binaries/initialize.o
nametab             0x19a0            binaries/naminit.o
ptfree              0x4               binaries/ptinit.o

Memory Configuration

Name             Origin             Length             Attributes
*default*        0x00000000         0xffffffff

Linker script and memory map

                0x81000000                physbase = 0x81000000
                0x81000000                . = physbase
                0x81000000                . = ALIGN (0x1000)

.text           0x81000000    0x16000
                0x81000000                text = ABSOLUTE (.)
 *(.text .text.*)
 .text          0x81000000       0x4c binaries/start.o
                0x81000000                start
 .text          0x8100004c      0x33c binaries/ascdate.o
                0x8100004c                ascdate
 .text          0x81000388       0x18 binaries/bufinit.o
                0x81000388                bufinit
 .text          0x810003a0       0x68 binaries/chprio.o
                0x810003a0                chprio
 .text          0x81000408       0xf0 binaries/clkhandler.o
                0x81000408                clkhandler
 .text          0x810004f8       0xe0 binaries/clkinit.o
                0x810004f8                clkinit
 .text          0x810005d8       0x50 binaries/close.o
                0x810005d8                close
 .text          0x81000628        0x0 binaries/conf.o
 .text          0x81000628       0x68 binaries/control.o
                0x81000628                control
 .text          0x81000690      0x288 binaries/create.o
                0x81000690                create
 .text          0x81000918       0xc4 binaries/evec.o
                0x81000918                initintc
                0x81000944                set_evec
                0x81000984                irq_dispatch
 .text          0x810009dc       0x10 binaries/exit.o
                0x810009dc                exit
 .text          0x810009ec       0x7c binaries/freebuf.o
                0x810009ec                freebuf
 .text          0x81000a68      0x148 binaries/freemem.o
                0x81000a68                freemem
 .text          0x81000bb0       0x78 binaries/getbuf.o
                0x81000bb0                getbuf
 .text          0x81000c28       0x50 binaries/getc.o
                0x81000c28                getc
 .text          0x81000c78       0x68 binaries/getdev.o
                0x81000c78                getdev
 .text          0x81000ce0       0xa0 binaries/getitem.o
                0x81000ce0                getitem
                0x81000d10                getfirst
                0x81000d44                getlast
 .text          0x81000d80      0x108 binaries/getmem.o
                0x81000d80                getmem
 .text          0x81000e88       0x10 binaries/getpid.o
                0x81000e88                getpid
 .text          0x81000e98       0x5c binaries/getprio.o
                0x81000e98                getprio
 .text          0x81000ef4       0xc8 binaries/getstk.o
                0x81000ef4                getstk
 .text          0x81000fbc        0x8 binaries/getticks.o
                0x81000fbc                getticks
 .text          0x81000fc4       0x38 binaries/gettime.o
                0x81000fc4                gettime
 .text          0x81000ffc      0x1f4 binaries/getutime.o
                0x81000ffc                getutime
 .text          0x810011f0       0x50 binaries/init.o
                0x810011f0                init
 .text          0x81001240      0x350 binaries/initialize.o
                0x810012e4                nulluser
                0x81001530                stop
                0x81001554                delay
 .text          0x81001590       0xd0 binaries/insert.o
                0x81001590                insert
 .text          0x81001660      0x134 binaries/insertd.o
                0x81001660                insertd
 .text          0x81001794        0x8 binaries/ioerr.o
                0x81001794                ioerr
 .text          0x8100179c        0x8 binaries/ionull.o
                0x8100179c                ionull
 .text          0x810017a4      0x158 binaries/kill.o
                0x810017a4                kill
 .text          0x810018fc       0xd0 binaries/kprintf.o
                0x810018fc                kputc
                0x8100194c                kgetc
                0x8100198c                kprintf
 .text          0x810019cc       0x64 binaries/limit.o
                0x810019cc                tlimit
 .text          0x81001a30       0xdc binaries/main.o
                0x81001a30                main
 .text          0x81001b0c       0xd0 binaries/mark.o
                0x81001b0c                markinit
                0x81001b38                mark
 .text          0x81001bdc       0x48 binaries/meminit.o
                0x81001bdc                meminit
 .text          0x81001c24      0x140 binaries/mkbufpool.o
                0x81001c24                mkbufpool
 .text          0x81001d64       0x7c binaries/newqueue.o
                0x81001d64                newqueue
 .text          0x81001de0       0x60 binaries/open.o
                0x81001de0                open
 .text          0x81001e40       0x20 binaries/panic.o
                0x81001e40                panic
 .text          0x81001e60       0xac binaries/platinit.o
                0x81001e60                counterinit
                0x81001e78                platinit
 .text          0x81001f0c      0x108 binaries/printer.o
                0x81001f0c                type
                0x81001f58                kerneltype
                0x81001f84                print
                0x81001fcc                kernelprint
 .text          0x81002014       0xa8 binaries/ptclear.o
                0x81002014                _ptclear
 .text          0x810020bc       0x78 binaries/ptcount.o
                0x810020bc                ptcount
 .text          0x81002134       0xdc binaries/ptcreate.o
                0x81002134                ptcreate
 .text          0x81002210       0x74 binaries/ptdelete.o
                0x81002210                ptdelete
 .text          0x81002284       0xbc binaries/ptinit.o
                0x81002284                ptinit
 .text          0x81002340       0xd0 binaries/ptrecv.o
                0x81002340                ptrecv
 .text          0x81002410       0x68 binaries/ptreset.o
                0x81002410                ptreset
 .text          0x81002478       0xf4 binaries/ptsend.o
                0x81002478                ptsend
 .text          0x8100256c       0x58 binaries/putc.o
                0x8100256c                putc
 .text          0x810025c4       0xf4 binaries/queue.o
                0x810025c4                enqueue
                0x8100265c                dequeue
 .text          0x810026b8       0x60 binaries/read.o
                0x810026b8                read
 .text          0x81002718       0x74 binaries/ready.o
                0x81002718                ready
 .text          0x8100278c       0x60 binaries/receive.o
                0x8100278c                receive
 .text          0x810027ec       0x48 binaries/recvclr.o
                0x810027ec                recvclr
 .text          0x81002834       0xb0 binaries/recvtime.o
                0x81002834                recvtime
 .text          0x810028e4      0x240 binaries/resched.o
                0x810028e4                resched
                0x81002a68                resched_cntl
 .text          0x81002b24       0x90 binaries/resume.o
                0x81002b24                resume
 .text          0x81002bb4       0x58 binaries/seek.o
                0x81002bb4                seek
 .text          0x81002c0c       0x58 binaries/semcount.o
                0x81002c0c                semcount
 .text          0x81002c64       0xb8 binaries/semcreate.o
                0x81002c64                semcreate
 .text          0x81002d1c       0xac binaries/semdelete.o
                0x81002d1c                semdelete
 .text          0x81002dc8       0xa4 binaries/semreset.o
                0x81002dc8                semreset
 .text          0x81002e6c       0xc0 binaries/send.o
                0x81002e6c                send
 .text          0x81002f2c       0x80 binaries/signal.o
                0x81002f2c                signal
 .text          0x81002fac       0xb0 binaries/signaln.o
                0x81002fac                signaln
 .text          0x8100305c       0xcc binaries/sleep.o
                0x8100305c                sleepms
                0x810030f8                sleep
 .text          0x81003128       0xbc binaries/suspend.o
                0x81003128                suspend
 .text          0x810031e4       0xb8 binaries/unsleep.o
                0x810031e4                unsleep
 .text          0x8100329c       0x50 binaries/uprintf.o
                0x8100329c                uprintf
 .text          0x810032ec       0x10 binaries/userret.o
                0x810032ec                userret
 .text          0x810032fc       0xac binaries/wait.o
                0x810032fc                wait
 .text          0x810033a8       0xa0 binaries/wakeup.o
                0x810033a8                wakeup
 .text          0x81003448       0x60 binaries/write.o
                0x81003448                write
 .text          0x810034a8       0x18 binaries/xdone.o
                0x810034a8                xdone
 .text          0x810034c0       0x20 binaries/yield.o
                0x810034c0                yield
 .text          0x810034e0        0xc binaries/abs.o
                0x810034e0                abs
 .text          0x810034ec      0x114 binaries/atoi.o
                0x810034ec                atoi
 .text          0x81003600      0x114 binaries/atol.o
                0x81003600                atol
 .text          0x81003714       0x20 binaries/bzero.o
                0x81003714                bzero
 .text          0x81003734        0x0 binaries/ctype_.o
 .text          0x81003734      0xa34 binaries/doprnt.o
                0x81003954                _doprnt
 .text          0x81004168      0x704 binaries/doscan.o
                0x81004168                _doscan
 .text          0x8100486c      0x898 binaries/fdoprnt.o
                0x81004918                _fdoprnt
 .text          0x81005104       0x14 binaries/fgetc.o
                0x81005104                fgetc
 .text          0x81005118       0x84 binaries/fgets.o
                0x81005118                fgets
 .text          0x8100519c       0x3c binaries/fprintf.o
                0x8100519c                fprintf
 .text          0x810051d8       0x24 binaries/fputc.o
                0x810051d8                fputc
 .text          0x810051fc       0x38 binaries/fputs.o
                0x810051fc                fputs
 .text          0x81005234       0x78 binaries/fscanf.o
                0x81005268                fscanf
 .text          0x810052ac       0x2c binaries/getchar.o
                0x810052ac                getchar
 .text          0x810052d8        0xc binaries/labs.o
                0x810052d8                labs
 .text          0x810052e4        0x0 binaries/memchr.o
 .text          0x810052e4       0x60 binaries/memcmp.o
                0x810052e4                memcmp
 .text          0x81005344       0x24 binaries/memcpy.o
                0x81005344                memcpy
 .text          0x81005368       0x20 binaries/memset.o
                0x81005368                memset
 .text          0x81005388       0x58 binaries/printf.o
                0x81005388                printf
 .text          0x810053e0       0x2c binaries/putchar.o
                0x810053e0                putchar
 .text          0x8100540c      0x254 binaries/qsort.o
                0x81005640                qsort
 .text          0x81005660       0x7c binaries/rand.o
                0x81005660                rand
                0x81005698                rand_r
                0x810056cc                srand
 .text          0x810056dc       0x68 binaries/sprintf.o
                0x810056f4                sprintf
 .text          0x81005744       0x78 binaries/sscanf.o
                0x81005778                sscanf
 .text          0x810057bc       0x48 binaries/strchr.o
                0x810057bc                strchr
 .text          0x81005804       0x54 binaries/strcmp.o
                0x81005804                strcmp
 .text          0x81005858       0x18 binaries/strcpy.o
                0x81005858                strcpy
 .text          0x81005870       0x30 binaries/strlen.o
                0x81005870                strlen
 .text          0x810058a0       0x50 binaries/strncat.o
                0x810058a0                strncat
 .text          0x810058f0       0x54 binaries/strncmp.o
                0x810058f0                strncmp
 .text          0x81005944       0x80 binaries/strncpy.o
                0x81005944                strncpy
 .text          0x810059c4       0x48 binaries/strnlen.o
                0x810059c4                strnlen
 .text          0x81005a0c       0x58 binaries/strrchr.o
                0x81005a0c                strrchr
 .text          0x81005a64       0xb0 binaries/strstr.o
                0x81005a64                strstr
 .text          0x81005b14       0xc8 binaries/ttycontrol.o
                0x81005b14                ttycontrol
 .text          0x81005bdc       0x6c binaries/ttygetc.o
                0x81005bdc                ttygetc
 .text          0x81005c48      0x4e0 binaries/ttyhandle_in.o
                0x81005d14                ttyhandle_in
 .text          0x81006128      0x14c binaries/ttyhandle_out.o
                0x81006128                ttyhandle_out
 .text          0x81006274       0xc8 binaries/ttyhandler.o
                0x81006274                ttyhandler
 .text          0x8100633c      0x120 binaries/ttyinit.o
                0x8100633c                ttyinit
 .text          0x8100645c        0xc binaries/ttykickout.o
                0x8100645c                ttykickout
 .text          0x81006468       0x78 binaries/ttyputc.o
                0x81006468                ttyputc
 .text          0x810064e0      0x110 binaries/ttyread.o
                0x810064e0                ttyread
 .text          0x810065f0       0x4c binaries/ttywrite.o
                0x810065f0                ttywrite
 .text          0x8100663c      0x134 binaries/mount.o
                0x8100663c                namlen
                0x81006690                mount
 .text          0x81006770      0x1c8 binaries/naminit.o
                0x81006770                naminit
 .text          0x81006938      0x238 binaries/nammap.o
                0x81006938                namrepl
                0x81006a70                namcpy
                0x81006acc                nammap
 .text          0x81006b70       0x40 binaries/namopen.o
                0x81006b70                namopen
 .text          0x81006bb0       0x40 binaries/ethcontrol.o
                0x81006bb0                ethcontrol
 .text          0x81006bf0      0x178 binaries/ethhandler.o
                0x81006bf0                ethhandler
 .text          0x81006d68      0x734 binaries/ethinit.o
                0x81006d68                eth_phy_read
                0x81006dd8                eth_phy_write
                0x81006e30                eth_phy_reset
                0x81006fa0                ethinit
 .text          0x8100749c       0xd8 binaries/ethread.o
                0x8100749c                ethread
 .text          0x81007574       0xf0 binaries/ethwrite.o
                0x81007574                ethwrite
 .text          0x81007664       0x90 binaries/rdsbufalloc.o
                0x81007664                rdsbufalloc
 .text          0x810076f4       0xa0 binaries/rdsclose.o
                0x810076f4                rdsclose
 .text          0x81007794      0x20c binaries/rdscomm.o
                0x81007794                rdscomm
 .text          0x810079a0      0x1a0 binaries/rdscontrol.o
                0x810079a0                rdscontrol
 .text          0x81007b40      0x180 binaries/rdsinit.o
                0x81007b40                rdsinit
 .text          0x81007cc0      0x134 binaries/rdsopen.o
                0x81007cc0                rdsopen
 .text          0x81007df4      0x304 binaries/rdsprocess.o
                0x81007df4                rdsprocess
 .text          0x810080f8      0x210 binaries/rdsread.o
                0x810080f8                rdsread
 .text          0x81008308      0x184 binaries/rdswrite.o
                0x81008308                rdswrite
 .text          0x8100848c        0x8 binaries/ramclose.o
                0x8100848c                ramclose
 .text          0x81008494       0x3c binaries/raminit.o
                0x81008494                raminit
 .text          0x810084d0        0x8 binaries/ramopen.o
                0x810084d0                ramopen
 .text          0x810084d8       0x24 binaries/ramread.o
                0x810084d8                ramread
 .text          0x810084fc       0x20 binaries/ramwrite.o
                0x810084fc                ramwrite
 .text          0x8100851c       0x94 binaries/lfdballoc.o
                0x8100851c                lfdballoc
 .text          0x810085b0       0x4c binaries/lfdbfree.o
                0x810085b0                lfdbfree
 .text          0x810085fc       0xb8 binaries/lfflush.o
                0x810085fc                lfflush
 .text          0x810086b4       0xc8 binaries/lfgetmode.o
                0x810086b4                lfgetmode
 .text          0x8100877c       0x6c binaries/lfiballoc.o
                0x8100877c                lfiballoc
 .text          0x810087e8       0x30 binaries/lfibclear.o
                0x810087e8                lfibclear
 .text          0x81008818       0x64 binaries/lfibget.o
                0x81008818                lfibget
 .text          0x8100887c       0x8c binaries/lfibput.o
                0x8100887c                lfibput
 .text          0x81008908       0x84 binaries/lflclose.o
                0x81008908                lflclose
 .text          0x8100898c       0xa0 binaries/lflcontrol.o
                0x8100898c                lflcontrol
 .text          0x81008a2c       0xa8 binaries/lflgetc.o
                0x81008a2c                lflgetc
 .text          0x81008ad4       0xa8 binaries/lflinit.o
                0x81008ad4                lflinit
 .text          0x81008b7c       0xdc binaries/lflputc.o
                0x81008b7c                lflputc
 .text          0x81008c58       0x78 binaries/lflread.o
                0x81008c58                lflread
 .text          0x81008cd0       0x80 binaries/lflseek.o
                0x81008cd0                lflseek
 .text          0x81008d50       0x5c binaries/lflwrite.o
                0x81008d50                lflwrite
 .text          0x81008dac       0xa0 binaries/lfscheck.o
                0x81008dac                lfscheck
 .text          0x81008e4c      0x144 binaries/lfsckfmt.o
                0x81008e4c                lfsckfmt
 .text          0x81008f90      0x15c binaries/lfscreate.o
                0x81008f90                lfscreate
 .text          0x810090ec      0x1f0 binaries/lfsetup.o
                0x810090ec                lfsetup
 .text          0x810092dc       0x44 binaries/lfsinit.o
                0x810092dc                lfsinit
 .text          0x81009320      0x358 binaries/lfsopen.o
                0x81009320                lfsopen
 .text          0x81009678      0x108 binaries/lftruncate.o
                0x81009678                lftruncate
 .text          0x81009780       0x70 binaries/rflclose.o
                0x81009780                rflclose
 .text          0x810097f0       0x28 binaries/rflgetc.o
                0x810097f0                rflgetc
 .text          0x81009818       0x54 binaries/rflinit.o
                0x81009818                rflinit
 .text          0x8100986c       0x30 binaries/rflputc.o
                0x8100986c                rflputc
 .text          0x8100989c      0x28c binaries/rflread.o
                0x8100989c                rflread
 .text          0x81009b28       0x74 binaries/rflseek.o
                0x81009b28                rflseek
 .text          0x81009b9c      0x2c8 binaries/rflwrite.o
                0x81009b9c                rflwrite
 .text          0x81009e64      0x198 binaries/rfscomm.o
                0x81009e64                rfscomm
 .text          0x81009ffc      0x21c binaries/rfscontrol.o
                0x81009ffc                rfscontrol
 .text          0x8100a218       0xc8 binaries/rfsgetmode.o
                0x8100a218                rfsgetmode
 .text          0x8100a2e0       0x84 binaries/rfsinit.o
                0x8100a2e0                rfsinit
 .text          0x8100a364       0xa4 binaries/rfsndmsg.o
                0x8100a364                rfsndmsg
 .text          0x8100a408      0x22c binaries/rfsopen.o
                0x8100a408                rfsopen
 .text          0x8100a634       0x8c binaries/spicontrol.o
                0x8100a634                spicontrol
 .text          0x8100a6c0       0xa8 binaries/spiinit.o
                0x8100a6c0                spiinit
 .text          0x8100a768      0x19c binaries/gpiocontrol.o
                0x8100a768                gpiocontrol
 .text          0x8100a904      0x204 binaries/gpiohandler.o
                0x8100a904                gpiohandler
 .text          0x8100ab08       0xe8 binaries/gpioinit.o
                0x8100ab08                gpioinit
 .text          0x8100abf0       0x18 binaries/gpioread.o
                0x8100abf0                gpioread
 .text          0x8100ac08       0x18 binaries/gpioselect.o
                0x8100ac08                gpioselect
 .text          0x8100ac20       0x20 binaries/gpiowrite.o
                0x8100ac20                gpiowrite
 .text          0x8100ac40      0x714 binaries/arp.o
                0x8100ac40                arp_init
                0x8100ac60                arp_alloc
                0x8100ad34                arp_ntoh
                0x8100add8                arp_hton
                0x8100ae7c                arp_resolve
                0x8100b0e0                arp_in
 .text          0x8100b354      0x6b0 binaries/dhcp.o
                0x8100b354                dhcp_get_opt_val
                0x8100b3b4                dhcp_bld_bootp_msg
                0x8100b4ac                dhcp_bld_disc
                0x8100b500                dhcp_bld_req
                0x8100b5c4                getlocalip
 .text          0x8100ba04      0x56c binaries/dns.o
                0x8100baec                dnslookup
 .text          0x8100bf70      0x120 binaries/dot2ip.o
                0x8100bf70                dot2ip
 .text          0x8100c090      0x33c binaries/hexdump.o
                0x8100c090                hexdump
                0x8100c1f0                hexadump
 .text          0x8100c3cc      0x660 binaries/icmp.o
                0x8100c3cc                icmp_init
                0x8100c3f0                icmp_register
                0x8100c4ac                icmp_recv
                0x8100c5fc                icmp_mkpkt
                0x8100c6ec                icmp_in
                0x8100c838                icmp_send
                0x8100c8a8                icmp_release
                0x8100c964                icmp_cksum
                0x8100c9c4                icmp_hton
                0x8100c9f8                icmp_ntoh
 .text          0x8100ca2c      0x674 binaries/ip.o
                0x8100ca2c                ip_local
                0x8100ca5c                ipcksum
                0x8100caa0                ip_ntoh
                0x8100cb44                ip_in
                0x8100cc80                ip_hton
                0x8100cd24                ip_out
                0x8100cdd8                ip_send
                0x8100cf08                ipout
                0x8100d004                ip_enqueue
 .text          0x8100d0a0      0x228 binaries/net.o
                0x8100d0a0                net_init
                0x8100d1a8                eth_hton
                0x8100d1bc                eth_ntoh
                0x8100d1d0                netin
                0x8100d278                getport
 .text          0x8100d2c8      0x9dc binaries/pdump.o
                0x8100d2c8                pdump
                0x8100d854                pdumph
 .text          0x8100dca4      0x56c binaries/tftp.o
                0x8100dca4                tftp_send1
                0x8100dd90                tftpget_mb
                0x8100e1dc                tftpget
 .text          0x8100e210      0x890 binaries/udp.o
                0x8100e210                udp_init
                0x8100e238                udp_in
                0x8100e324                udp_register
                0x8100e420                udp_recv
                0x8100e554                udp_recvaddr
                0x8100e6a4                udp_send
                0x8100e81c                udp_sendto
                0x8100e97c                udp_release
                0x8100ea38                udp_ntoh
                0x8100ea6c                udp_hton
 .text          0x8100eaa0      0x120 binaries/addargs.o
                0x8100eaa0                addargs
 .text          0x8100ebc0      0x2b4 binaries/lexan.o
                0x8100ebc0                lexan
 .text          0x8100ee74      0x6ac binaries/shell.o
                0x8100ee74                shell
 .text          0x8100f520       0x64 binaries/xsh_argecho.o
                0x8100f520                xsh_argecho
 .text          0x8100f584      0x1f8 binaries/xsh_arp.o
                0x8100f584                xsh_arp
 .text          0x8100f77c      0x23c binaries/xsh_cat.o
                0x8100f77c                xsh_cat
 .text          0x8100f9b8       0x5c binaries/xsh_clear.o
                0x8100f9b8                xsh_clear
 .text          0x8100fa14      0x29c binaries/xsh_date.o
                0x8100fa14                xsh_date
 .text          0x8100fcb0       0x98 binaries/xsh_devdump.o
                0x8100fcb0                xsh_devdump
 .text          0x8100fd48       0x68 binaries/xsh_echo.o
                0x8100fd48                xsh_echo
 .text          0x8100fdb0        0x8 binaries/xsh_exit.o
                0x8100fdb0                xsh_exit
 .text          0x8100fdb8      0x3d0 binaries/xsh_help.o
                0x8100fdb8                xsh_help
 .text          0x81010188      0x1f8 binaries/xsh_kill.o
                0x81010188                xsh_kill
 .text          0x81010380      0x490 binaries/xsh_memdump.o
                0x8101047c                xsh_memdump
 .text          0x81010810      0x224 binaries/xsh_memstat.o
                0x81010810                xsh_memstat
 .text          0x81010a34      0x3fc binaries/xsh_netinfo.o
                0x81010a34                xsh_netinfo
 .text          0x81010e30      0x3b0 binaries/xsh_ping.o
                0x81010e30                xsh_ping
 .text          0x810111e0      0x220 binaries/xsh_ps.o
                0x810111e0                xsh_ps
 .text          0x81011400      0x1cc binaries/xsh_sleep.o
                0x81011400                xsh_sleep
 .text          0x810115cc      0x244 binaries/xsh_udpdump.o
                0x810115cc                xsh_udpdump
 .text          0x81011810      0x400 binaries/xsh_udpecho.o
                0x81011810                xsh_udpecho
 .text          0x81011c10      0x254 binaries/xsh_udpserver.o
                0x81011c10                xsh_udpeserver
 .text          0x81011e64      0x1ac binaries/xsh_uptime.o
                0x81011e64                xsh_uptime
 .text          0x81012010       0x2c binaries/ctxsw.o
                0x81012010                ctxsw
 .text          0x8101203c      0x100 binaries/intr.o
                0x8101203c                disable
                0x81012048                restore
                0x8101206c                enable
                0x81012074                pause
                0x81012074                halt
                0x8101207c                irq_except
                0x810120ac                initevec
                0x8101210c                expjmpinstr
 .text          0x8101213c      0x114 ../cross_compiler/lib/gcc/arm-none-eabi/4.8.1//libgcc.a(_udivsi3.o)
                0x8101213c                __udivsi3
                0x8101213c                __aeabi_uidiv
                0x81012230                __aeabi_uidivmod
 .text          0x81012250      0x148 ../cross_compiler/lib/gcc/arm-none-eabi/4.8.1//libgcc.a(_divsi3.o)
                0x81012250                __aeabi_idiv
                0x81012250                __divsi3
                0x81012378                __aeabi_idivmod
 .text          0x81012398        0x4 ../cross_compiler/lib/gcc/arm-none-eabi/4.8.1//libgcc.a(_dvmd_tls.o)
                0x81012398                __aeabi_ldiv0
                0x81012398                __aeabi_idiv0
 .text          0x8101239c      0x49c ../cross_compiler/lib/gcc/arm-none-eabi/4.8.1//libgcc.a(_arm_muldivdf3.o)
                0x8101239c                __aeabi_dmul
                0x8101239c                __muldf3
                0x8101262c                __aeabi_ddiv
                0x8101262c                __divdf3
 .text          0x81012838      0x144 ../cross_compiler/lib/gcc/arm-none-eabi/4.8.1//libgcc.a(_arm_cmpdf2.o)
                0x81012838                __gtdf2
                0x81012838                __gedf2
                0x81012840                __ltdf2
                0x81012840                __ledf2
                0x81012848                __cmpdf2
                0x81012848                __eqdf2
                0x81012848                __nedf2
                0x810128d0                __aeabi_cdrcmple
                0x810128ec                __aeabi_cdcmple
                0x810128ec                __aeabi_cdcmpeq
                0x81012904                __aeabi_dcmpeq
                0x8101291c                __aeabi_dcmplt
                0x81012934                __aeabi_dcmple
                0x8101294c                __aeabi_dcmpge
                0x81012964                __aeabi_dcmpgt
 .text          0x8101297c       0x5c ../cross_compiler/lib/gcc/arm-none-eabi/4.8.1//libgcc.a(_arm_fixdfsi.o)
                0x8101297c                __fixdfsi
                0x8101297c                __aeabi_d2iz
 *(.rodata .rodata.*)
 .rodata.str1.4
                0x810129d8       0x78 binaries/ascdate.o
 .rodata.str1.4
                0x81012a50       0xf9 binaries/conf.o
                                 0xfc (size before relaxing)
 *fill*         0x81012b49        0x3 
 .rodata.str1.4
                0x81012b4c       0x61 binaries/getutime.o
                                 0x64 (size before relaxing)
 *fill*         0x81012bad        0x3 
 .rodata.str1.4
                0x81012bb0      0x18c binaries/initialize.o
                                0x190 (size before relaxing)
 .rodata.str1.4
                0x81012d3c       0x18 binaries/main.o
 .rodata.str1.4
                0x81012d54        0xf binaries/panic.o
                                 0x10 (size before relaxing)
 *fill*         0x81012d63        0x1 
 .rodata.str1.4
                0x81012d64       0x1d binaries/ptinit.o
                                 0x20 (size before relaxing)
 *fill*         0x81012d81        0x3 
 .rodata.str1.4
                0x81012d84       0x25 binaries/ptsend.o
                                 0x28 (size before relaxing)
 *fill*         0x81012da9        0x3 
 .rodata        0x81012dac       0x34 binaries/resched.o
 .rodata.str1.4
                0x81012de0       0x27 binaries/xdone.o
                                 0x28 (size before relaxing)
 *fill*         0x81012e07        0x1 
 .rodata        0x81012e08       0x84 binaries/ctype_.o
                0x81012e08                _ctype_
 .rodata.str1.4
                0x81012e8c       0x2f binaries/doprnt.o
                                 0x30 (size before relaxing)
 .rodata.str1.4
                0x00000000       0x30 binaries/fdoprnt.o
 *fill*         0x81012ebb        0x1 
 .rodata.str1.4
                0x81012ebc       0x86 binaries/naminit.o
                                 0x90 (size before relaxing)
 *fill*         0x81012f42        0x2 
 .rodata.str1.4
                0x81012f44       0xe5 binaries/ethinit.o
                                 0xe8 (size before relaxing)
 *fill*         0x81013029        0x3 
 .rodata.str1.4
                0x8101302c       0x12 binaries/ethread.o
                                 0x14 (size before relaxing)
 *fill*         0x8101303e        0x2 
 .rodata.str1.4
                0x81013040       0x2c binaries/rdsbufalloc.o
 .rodata.str1.4
                0x8101306c       0x76 binaries/rdscomm.o
                                 0x78 (size before relaxing)
 *fill*         0x810130e2        0x2 
 .rodata.str1.4
                0x810130e4       0x48 binaries/rdscontrol.o
 .rodata.str1.4
                0x8101312c       0x96 binaries/rdsinit.o
                                 0x98 (size before relaxing)
 *fill*         0x810131c2        0x2 
 .rodata.str1.4
                0x810131c4       0x22 binaries/rdsopen.o
                                 0x24 (size before relaxing)
 *fill*         0x810131e6        0x2 
 .rodata.str1.4
                0x810131e8       0x4d binaries/rdsprocess.o
                                 0x50 (size before relaxing)
 *fill*         0x81013235        0x3 
 .rodata.str1.4
                0x81013238        0x9 binaries/raminit.o
                                  0xc (size before relaxing)
 *fill*         0x81013241        0x3 
 .rodata.str1.4
                0x81013244       0x37 binaries/lfdballoc.o
                                 0x38 (size before relaxing)
 *fill*         0x8101327b        0x1 
 .rodata.str1.4
                0x8101327c       0x14 binaries/lfiballoc.o
 .rodata.str1.4
                0x81013290       0x23 binaries/lflcontrol.o
                                 0x24 (size before relaxing)
 *fill*         0x810132b3        0x1 
 .rodata.str1.4
                0x810132b4      0x11f binaries/lfsckfmt.o
                                0x120 (size before relaxing)
 *fill*         0x810133d3        0x1 
 .rodata.str1.4
                0x810133d4       0x2a binaries/lfsopen.o
                                 0x2c (size before relaxing)
 *fill*         0x810133fe        0x2 
 .rodata.str1.4
                0x81013400       0x21 binaries/rflread.o
                                 0x24 (size before relaxing)
 .rodata.str1.4
                0x00000000       0x24 binaries/rflwrite.o
 *fill*         0x81013421        0x3 
 .rodata.str1.4
                0x81013424       0x75 binaries/rfscomm.o
                                 0x78 (size before relaxing)
 *fill*         0x81013499        0x3 
 .rodata.str1.4
                0x8101349c       0x23 binaries/rfscontrol.o
                                 0x24 (size before relaxing)
 *fill*         0x810134bf        0x1 
 .rodata.str1.4
                0x810134c0       0x63 binaries/rfsinit.o
                                 0x64 (size before relaxing)
 *fill*         0x81013523        0x1 
 .rodata.str1.4
                0x81013524       0x2a binaries/rfsndmsg.o
                                 0x2c (size before relaxing)
 .rodata.str1.4
                0x00000000       0x24 binaries/rfsopen.o
 *fill*         0x8101354e        0x2 
 .rodata.str1.4
                0x81013550       0x3d binaries/arp.o
                                 0x40 (size before relaxing)
 *fill*         0x8101358d        0x3 
 .rodata.str1.4
                0x81013590       0xd3 binaries/dhcp.o
                                 0xd4 (size before relaxing)
 *fill*         0x81013663        0x1 
 .rodata.str1.4
                0x81013664       0x1a binaries/dns.o
                                 0x1c (size before relaxing)
 *fill*         0x8101367e        0x2 
 .rodata.str1.4
                0x81013680       0xca binaries/hexdump.o
                                 0xd8 (size before relaxing)
 *fill*         0x8101374a        0x2 
 .rodata.str1.4
                0x8101374c       0x29 binaries/icmp.o
                                 0x2c (size before relaxing)
 *fill*         0x81013775        0x3 
 .rodata.str1.4
                0x81013778       0x6e binaries/ip.o
                                 0x70 (size before relaxing)
 *fill*         0x810137e6        0x2 
 .rodata.str1.4
                0x810137e8       0x53 binaries/net.o
                                 0x54 (size before relaxing)
 *fill*         0x8101383b        0x1 
 .rodata.str1.4
                0x8101383c      0x292 binaries/pdump.o
                                0x298 (size before relaxing)
 *fill*         0x81013ace        0x2 
 .rodata.str1.4
                0x81013ad0      0x154 binaries/tftp.o
                                0x158 (size before relaxing)
 .rodata        0x81013c24       0xfc binaries/shell.o
                0x81013c24                cmdtab
 .rodata.str1.4
                0x81013d20      0x2e6 binaries/shell.o
                                0x2f0 (size before relaxing)
 *fill*         0x81014006        0x2 
 .rodata.str1.4
                0x81014008       0x29 binaries/xsh_argecho.o
                                 0x30 (size before relaxing)
 *fill*         0x81014031        0x3 
 .rodata.str1.4
                0x81014034      0x13e binaries/xsh_arp.o
                                0x144 (size before relaxing)
 *fill*         0x81014172        0x2 
 .rodata.str1.4
                0x81014174       0x81 binaries/xsh_cat.o
                                 0xd4 (size before relaxing)
 *fill*         0x810141f5        0x3 
 .rodata.str1.4
                0x810141f8       0x19 binaries/xsh_clear.o
                                 0x1c (size before relaxing)
 *fill*         0x81014211        0x3 
 .rodata.str1.4
                0x81014214      0x1af binaries/xsh_date.o
                                0x1cc (size before relaxing)
 *fill*         0x810143c3        0x1 
 .rodata.str1.4
                0x810143c4       0x61 binaries/xsh_devdump.o
                                 0x64 (size before relaxing)
 *fill*         0x81014425        0x3 
 .rodata.str1.4
                0x81014428        0x8 binaries/xsh_echo.o
                                  0xc (size before relaxing)
 .rodata.str1.4
                0x81014430       0xe7 binaries/xsh_help.o
                                0x17c (size before relaxing)
 *fill*         0x81014517        0x1 
 .rodata.str1.4
                0x81014518       0xc8 binaries/xsh_kill.o
                                0x138 (size before relaxing)
 .rodata.str1.4
                0x810145e0      0x226 binaries/xsh_memdump.o
                                0x27c (size before relaxing)
 *fill*         0x81014806        0x2 
 .rodata.str1.4
                0x81014808      0x1cc binaries/xsh_memstat.o
                                0x234 (size before relaxing)
 .rodata.str1.4
                0x810149d4      0x10f binaries/xsh_netinfo.o
                                0x1cc (size before relaxing)
 *fill*         0x81014ae3        0x1 
 .rodata.str1.4
                0x81014ae4      0x13f binaries/xsh_ping.o
                                0x1b4 (size before relaxing)
 *fill*         0x81014c23        0x1 
 .rodata        0x81014c24       0x20 binaries/xsh_ps.o
 .rodata.str1.4
                0x81014c44      0x11a binaries/xsh_ps.o
                                0x1d4 (size before relaxing)
 *fill*         0x81014d5e        0x2 
 .rodata.str1.4
                0x81014d60       0x5e binaries/xsh_sleep.o
                                 0xf8 (size before relaxing)
 *fill*         0x81014dbe        0x2 
 .rodata        0x81014dc0        0xc binaries/xsh_udpdump.o
 .rodata.str1.4
                0x81014dcc      0x122 binaries/xsh_udpdump.o
                                0x1e0 (size before relaxing)
 *fill*         0x81014eee        0x2 
 .rodata.str1.4
                0x81014ef0      0x1ae binaries/xsh_udpecho.o
                                0x224 (size before relaxing)
 *fill*         0x8101509e        0x2 
 .rodata.str1.4
                0x810150a0       0x97 binaries/xsh_udpserver.o
                                0x13c (size before relaxing)
 *fill*         0x81015137        0x1 
 .rodata.str1.4
                0x81015138       0x78 binaries/xsh_uptime.o
                                0x114 (size before relaxing)
                0x810151b0                etext = ABSOLUTE (.)
                0x81016000                . = ALIGN (0x1000)
 *fill*         0x810151b0      0xe50 

.glue_7         0x81016000        0x0
 .glue_7        0x00000000        0x0 linker stubs

.glue_7t        0x81016000        0x0
 .glue_7t       0x00000000        0x0 linker stubs

.vfp11_veneer   0x81016000        0x0
 .vfp11_veneer  0x00000000        0x0 linker stubs

.v4_bx          0x81016000        0x0
 .v4_bx         0x00000000        0x0 linker stubs

.iplt           0x81016000        0x0
 .iplt          0x00000000        0x0 binaries/start.o

.rel.dyn        0x81016000        0x0
 .rel.iplt      0x00000000        0x0 binaries/start.o

.data           0x81016000     0x1000
                0x81016000                data = ABSOLUTE (.)
 *(.data .data.*)
 .data          0x81016000        0x0 binaries/start.o
 .data          0x81016000       0x88 binaries/ascdate.o
                0x81016000                Date
 .data          0x81016088        0x0 binaries/bufinit.o
 .data          0x81016088        0x0 binaries/chprio.o
 .data          0x81016088        0x0 binaries/clkhandler.o
 .data          0x81016088        0x0 binaries/clkinit.o
 .data          0x81016088        0x0 binaries/close.o
 .data          0x81016088      0x708 binaries/conf.o
                0x81016088                devtab
 .data          0x81016790        0x0 binaries/control.o
 .data          0x81016790        0x4 binaries/create.o
 .data          0x81016794       0x40 binaries/evec.o
                0x81016794                expmsg2
                0x810167a8                expmsg1
 .data          0x810167d4        0x0 binaries/exit.o
 .data          0x810167d4        0x0 binaries/freebuf.o
 .data          0x810167d4        0x0 binaries/freemem.o
 .data          0x810167d4        0x0 binaries/getbuf.o
 .data          0x810167d4        0x0 binaries/getc.o
 .data          0x810167d4        0x0 binaries/getdev.o
 .data          0x810167d4        0x0 binaries/getitem.o
 .data          0x810167d4        0x0 binaries/getmem.o
 .data          0x810167d4        0x0 binaries/getpid.o
 .data          0x810167d4        0x0 binaries/getprio.o
 .data          0x810167d4        0x0 binaries/getstk.o
 .data          0x810167d4        0x0 binaries/getticks.o
 .data          0x810167d4        0x0 binaries/gettime.o
 .data          0x810167d4        0x0 binaries/getutime.o
 .data          0x810167d4        0x0 binaries/init.o
 .data          0x810167d4        0x0 binaries/initialize.o
 .data          0x810167d4        0x0 binaries/insert.o
 .data          0x810167d4        0x0 binaries/insertd.o
 .data          0x810167d4        0x0 binaries/ioerr.o
 .data          0x810167d4        0x0 binaries/ionull.o
 .data          0x810167d4        0x0 binaries/kill.o
 .data          0x810167d4        0x0 binaries/kprintf.o
 .data          0x810167d4        0x0 binaries/limit.o
 .data          0x810167d4        0x0 binaries/main.o
 .data          0x810167d4        0x0 binaries/mark.o
 .data          0x810167d4        0x0 binaries/meminit.o
 .data          0x810167d4        0x0 binaries/mkbufpool.o
 .data          0x810167d4        0x2 binaries/newqueue.o
 .data          0x810167d6        0x0 binaries/open.o
 .data          0x810167d6        0x0 binaries/panic.o
 .data          0x810167d6        0x0 binaries/platinit.o
 .data          0x810167d6        0x0 binaries/printer.o
 .data          0x810167d6        0x0 binaries/ptclear.o
 .data          0x810167d6        0x0 binaries/ptcount.o
 .data          0x810167d6        0x0 binaries/ptcreate.o
 .data          0x810167d6        0x0 binaries/ptdelete.o
 .data          0x810167d6        0x0 binaries/ptinit.o
 .data          0x810167d6        0x0 binaries/ptrecv.o
 .data          0x810167d6        0x0 binaries/ptreset.o
 .data          0x810167d6        0x0 binaries/ptsend.o
 .data          0x810167d6        0x0 binaries/putc.o
 .data          0x810167d6        0x0 binaries/queue.o
 .data          0x810167d6        0x0 binaries/read.o
 .data          0x810167d6        0x0 binaries/ready.o
 .data          0x810167d6        0x0 binaries/receive.o
 .data          0x810167d6        0x0 binaries/recvclr.o
 .data          0x810167d6        0x0 binaries/recvtime.o
 .data          0x810167d6        0x0 binaries/resched.o
 .data          0x810167d6        0x0 binaries/resume.o
 .data          0x810167d6        0x0 binaries/seek.o
 .data          0x810167d6        0x0 binaries/semcount.o
 .data          0x810167d6        0x0 binaries/semcreate.o
 .data          0x810167d6        0x0 binaries/semdelete.o
 .data          0x810167d6        0x0 binaries/semreset.o
 .data          0x810167d6        0x0 binaries/send.o
 .data          0x810167d6        0x0 binaries/signal.o
 .data          0x810167d6        0x0 binaries/signaln.o
 .data          0x810167d6        0x0 binaries/sleep.o
 .data          0x810167d6        0x0 binaries/suspend.o
 .data          0x810167d6        0x0 binaries/unsleep.o
 .data          0x810167d6        0x0 binaries/uprintf.o
 .data          0x810167d6        0x0 binaries/userret.o
 .data          0x810167d6        0x0 binaries/wait.o
 .data          0x810167d6        0x0 binaries/wakeup.o
 .data          0x810167d6        0x0 binaries/write.o
 .data          0x810167d6        0x0 binaries/xdone.o
 .data          0x810167d6        0x0 binaries/yield.o
 .data          0x810167d6        0x0 binaries/abs.o
 .data          0x810167d6        0x0 binaries/atoi.o
 .data          0x810167d6        0x0 binaries/atol.o
 .data          0x810167d6        0x0 binaries/bzero.o
 .data          0x810167d6        0x0 binaries/ctype_.o
 .data          0x810167d6        0x0 binaries/doprnt.o
 *fill*         0x810167d6        0x2 
 .data          0x810167d8       0x80 binaries/doscan.o
                0x810167d8                _sctab
 .data          0x81016858        0x0 binaries/fdoprnt.o
 .data          0x81016858        0x0 binaries/fgetc.o
 .data          0x81016858        0x0 binaries/fgets.o
 .data          0x81016858        0x0 binaries/fprintf.o
 .data          0x81016858        0x0 binaries/fputc.o
 .data          0x81016858        0x0 binaries/fputs.o
 .data          0x81016858        0x0 binaries/fscanf.o
 .data          0x81016858        0x0 binaries/getchar.o
 .data          0x81016858        0x0 binaries/labs.o
 .data          0x81016858        0x0 binaries/memchr.o
 .data          0x81016858        0x0 binaries/memcmp.o
 .data          0x81016858        0x0 binaries/memcpy.o
 .data          0x81016858        0x0 binaries/memset.o
 .data          0x81016858        0x0 binaries/printf.o
 .data          0x81016858        0x0 binaries/putchar.o
 .data          0x81016858        0x0 binaries/qsort.o
 .data          0x81016858        0x4 binaries/rand.o
 .data          0x8101685c        0x0 binaries/sprintf.o
 .data          0x8101685c        0x0 binaries/sscanf.o
 .data          0x8101685c        0x0 binaries/strchr.o
 .data          0x8101685c        0x0 binaries/strcmp.o
 .data          0x8101685c        0x0 binaries/strcpy.o
 .data          0x8101685c        0x0 binaries/strlen.o
 .data          0x8101685c        0x0 binaries/strncat.o
 .data          0x8101685c        0x0 binaries/strncmp.o
 .data          0x8101685c        0x0 binaries/strncpy.o
 .data          0x8101685c        0x0 binaries/strnlen.o
 .data          0x8101685c        0x0 binaries/strrchr.o
 .data          0x8101685c        0x0 binaries/strstr.o
 .data          0x8101685c        0x0 binaries/ttycontrol.o
 .data          0x8101685c        0x0 binaries/ttygetc.o
 .data          0x8101685c        0x0 binaries/ttyhandle_in.o
 .data          0x8101685c        0x0 binaries/ttyhandle_out.o
 .data          0x8101685c        0x0 binaries/ttyhandler.o
 .data          0x8101685c        0x0 binaries/ttyinit.o
 .data          0x8101685c        0x0 binaries/ttykickout.o
 .data          0x8101685c        0x0 binaries/ttyputc.o
 .data          0x8101685c        0x0 binaries/ttyread.o
 .data          0x8101685c        0x0 binaries/ttywrite.o
 .data          0x8101685c        0x0 binaries/mount.o
 .data          0x8101685c        0x0 binaries/naminit.o
 .data          0x8101685c        0x0 binaries/nammap.o
 .data          0x8101685c        0x0 binaries/namopen.o
 .data          0x8101685c        0x0 binaries/ethcontrol.o
 .data          0x8101685c        0x0 binaries/ethhandler.o
 .data          0x8101685c        0x0 binaries/ethinit.o
 .data          0x8101685c        0x0 binaries/ethread.o
 .data          0x8101685c        0x0 binaries/ethwrite.o
 .data          0x8101685c        0x0 binaries/rdsbufalloc.o
 .data          0x8101685c        0x0 binaries/rdsclose.o
 .data          0x8101685c        0x0 binaries/rdscomm.o
 .data          0x8101685c        0x0 binaries/rdscontrol.o
 .data          0x8101685c        0x0 binaries/rdsinit.o
 .data          0x8101685c        0x0 binaries/rdsopen.o
 .data          0x8101685c        0x0 binaries/rdsprocess.o
 .data          0x8101685c        0x0 binaries/rdsread.o
 .data          0x8101685c        0x0 binaries/rdswrite.o
 .data          0x8101685c        0x0 binaries/ramclose.o
 .data          0x8101685c        0x0 binaries/raminit.o
 .data          0x8101685c        0x0 binaries/ramopen.o
 .data          0x8101685c        0x0 binaries/ramread.o
 .data          0x8101685c        0x0 binaries/ramwrite.o
 .data          0x8101685c        0x0 binaries/lfdballoc.o
 .data          0x8101685c        0x0 binaries/lfdbfree.o
 .data          0x8101685c        0x0 binaries/lfflush.o
 .data          0x8101685c        0x0 binaries/lfgetmode.o
 .data          0x8101685c        0x0 binaries/lfiballoc.o
 .data          0x8101685c        0x0 binaries/lfibclear.o
 .data          0x8101685c        0x0 binaries/lfibget.o
 .data          0x8101685c        0x0 binaries/lfibput.o
 .data          0x8101685c        0x0 binaries/lflclose.o
 .data          0x8101685c        0x0 binaries/lflcontrol.o
 .data          0x8101685c        0x0 binaries/lflgetc.o
 .data          0x8101685c        0x0 binaries/lflinit.o
 .data          0x8101685c        0x0 binaries/lflputc.o
 .data          0x8101685c        0x0 binaries/lflread.o
 .data          0x8101685c        0x0 binaries/lflseek.o
 .data          0x8101685c        0x0 binaries/lflwrite.o
 .data          0x8101685c        0x0 binaries/lfscheck.o
 .data          0x8101685c        0x0 binaries/lfsckfmt.o
 .data          0x8101685c        0x0 binaries/lfscreate.o
 .data          0x8101685c        0x0 binaries/lfsetup.o
 .data          0x8101685c        0x0 binaries/lfsinit.o
 .data          0x8101685c        0x0 binaries/lfsopen.o
 .data          0x8101685c        0x0 binaries/lftruncate.o
 .data          0x8101685c        0x0 binaries/rflclose.o
 .data          0x8101685c        0x0 binaries/rflgetc.o
 .data          0x8101685c        0x0 binaries/rflinit.o
 .data          0x8101685c        0x0 binaries/rflputc.o
 .data          0x8101685c        0x0 binaries/rflread.o
 .data          0x8101685c        0x0 binaries/rflseek.o
 .data          0x8101685c        0x0 binaries/rflwrite.o
 .data          0x8101685c        0x0 binaries/rfscomm.o
 .data          0x8101685c        0x0 binaries/rfscontrol.o
 .data          0x8101685c        0x0 binaries/rfsgetmode.o
 .data          0x8101685c        0x0 binaries/rfsinit.o
 .data          0x8101685c        0x0 binaries/rfsndmsg.o
 .data          0x8101685c        0x0 binaries/rfsopen.o
 .data          0x8101685c        0x0 binaries/spicontrol.o
 .data          0x8101685c        0x0 binaries/spiinit.o
 .data          0x8101685c        0x0 binaries/gpiocontrol.o
 .data          0x8101685c        0x0 binaries/gpiohandler.o
 .data          0x8101685c        0x0 binaries/gpioinit.o
 .data          0x8101685c        0x0 binaries/gpioread.o
 .data          0x8101685c        0x0 binaries/gpioselect.o
 .data          0x8101685c        0x0 binaries/gpiowrite.o
 .data          0x8101685c        0x0 binaries/arp.o
 .data          0x8101685c        0x0 binaries/dhcp.o
 .data          0x8101685c        0x0 binaries/dns.o
 .data          0x8101685c        0x0 binaries/dot2ip.o
 .data          0x8101685c        0x0 binaries/hexdump.o
 .data          0x8101685c        0x4 binaries/icmp.o
 .data          0x81016860        0x0 binaries/ip.o
 .data          0x81016860        0x0 binaries/net.o
 .data          0x81016860        0x0 binaries/pdump.o
 .data          0x81016860        0x0 binaries/tftp.o
 .data          0x81016860        0x4 binaries/udp.o
 .data          0x81016864        0x0 binaries/addargs.o
 .data          0x81016864        0x0 binaries/lexan.o
 .data          0x81016864        0x4 binaries/shell.o
                0x81016864                ncmd
 .data          0x81016868        0x0 binaries/xsh_argecho.o
 .data          0x81016868        0x0 binaries/xsh_arp.o
 .data          0x81016868        0x0 binaries/xsh_cat.o
 .data          0x81016868        0x0 binaries/xsh_clear.o
 .data          0x81016868        0x0 binaries/xsh_date.o
 .data          0x81016868        0x0 binaries/xsh_devdump.o
 .data          0x81016868        0x0 binaries/xsh_echo.o
 .data          0x81016868        0x0 binaries/xsh_exit.o
 .data          0x81016868        0x0 binaries/xsh_help.o
 .data          0x81016868        0x0 binaries/xsh_kill.o
 .data          0x81016868        0x0 binaries/xsh_memdump.o
 .data          0x81016868        0x0 binaries/xsh_memstat.o
 .data          0x81016868        0x0 binaries/xsh_netinfo.o
 .data          0x81016868        0x0 binaries/xsh_ping.o
 .data          0x81016868        0x0 binaries/xsh_ps.o
 .data          0x81016868        0x0 binaries/xsh_sleep.o
 .data          0x81016868        0x0 binaries/xsh_udpdump.o
 .data          0x81016868        0x0 binaries/xsh_udpecho.o
 .data          0x81016868        0x0 binaries/xsh_udpserver.o
 .data          0x81016868        0x0 binaries/xsh_uptime.o
 .data          0x81016868        0x0 binaries/ctxsw.o
 .data          0x81016868        0x0 binaries/intr.o
 .data          0x81016868        0x0 ../cross_compiler/lib/gcc/arm-none-eabi/4.8.1//libgcc.a(_udivsi3.o)
 .data          0x81016868        0x0 ../cross_compiler/lib/gcc/arm-none-eabi/4.8.1//libgcc.a(_divsi3.o)
 .data          0x81016868        0x0 ../cross_compiler/lib/gcc/arm-none-eabi/4.8.1//libgcc.a(_dvmd_tls.o)
 .data          0x81016868        0x0 ../cross_compiler/lib/gcc/arm-none-eabi/4.8.1//libgcc.a(_arm_muldivdf3.o)
 .data          0x81016868        0x0 ../cross_compiler/lib/gcc/arm-none-eabi/4.8.1//libgcc.a(_arm_cmpdf2.o)
 .data          0x81016868        0x0 ../cross_compiler/lib/gcc/arm-none-eabi/4.8.1//libgcc.a(_arm_fixdfsi.o)
                0x81016868                edata = ABSOLUTE (.)
                0x81017000                . = ALIGN (0x1000)
 *fill*         0x81016868      0x798 

.igot.plt       0x81017000        0x0
 .igot.plt      0x00000000        0x0 binaries/start.o

.bss            0x81017000    0x20000
                0x81017000                bss = ABSOLUTE (.)
 *(.bss .bss.*)
 .bss           0x81017000        0x0 binaries/start.o
 .bss           0x81017000        0x0 binaries/ascdate.o
 .bss           0x81017000        0x0 binaries/bufinit.o
 .bss           0x81017000        0x0 binaries/chprio.o
 .bss           0x81017000        0x0 binaries/clkhandler.o
 .bss           0x81017000        0x0 binaries/clkinit.o
 .bss           0x81017000        0x0 binaries/close.o
 .bss           0x81017000        0x0 binaries/conf.o
 .bss           0x81017000        0x0 binaries/control.o
 .bss           0x81017000        0x0 binaries/create.o
 .bss           0x81017000        0x0 binaries/evec.o
 .bss           0x81017000        0x0 binaries/exit.o
 .bss           0x81017000        0x0 binaries/freebuf.o
 .bss           0x81017000        0x0 binaries/freemem.o
 .bss           0x81017000        0x0 binaries/getbuf.o
 .bss           0x81017000        0x0 binaries/getc.o
 .bss           0x81017000        0x0 binaries/getdev.o
 .bss           0x81017000        0x0 binaries/getitem.o
 .bss           0x81017000        0x0 binaries/getmem.o
 .bss           0x81017000        0x0 binaries/getpid.o
 .bss           0x81017000        0x0 binaries/getprio.o
 .bss           0x81017000        0x0 binaries/getstk.o
 .bss           0x81017000        0x0 binaries/getticks.o
 .bss           0x81017000        0x0 binaries/gettime.o
 .bss           0x81017000        0x0 binaries/getutime.o
 .bss           0x81017000        0x0 binaries/init.o
 .bss           0x81017000        0x0 binaries/initialize.o
 .bss           0x81017000        0x0 binaries/insert.o
 .bss           0x81017000        0x0 binaries/insertd.o
 .bss           0x81017000        0x0 binaries/ioerr.o
 .bss           0x81017000        0x0 binaries/ionull.o
 .bss           0x81017000        0x0 binaries/kill.o
 .bss           0x81017000        0x0 binaries/kprintf.o
 .bss           0x81017000        0x0 binaries/limit.o
 .bss           0x81017000        0x1 binaries/main.o
                0x81017000                go
 .bss           0x81017001        0x0 binaries/mark.o
 .bss           0x81017001        0x0 binaries/meminit.o
 .bss           0x81017001        0x0 binaries/mkbufpool.o
 .bss           0x81017001        0x0 binaries/newqueue.o
 .bss           0x81017001        0x0 binaries/open.o
 .bss           0x81017001        0x0 binaries/panic.o
 .bss           0x81017001        0x0 binaries/platinit.o
 .bss           0x81017001        0x0 binaries/printer.o
 .bss           0x81017001        0x0 binaries/ptclear.o
 .bss           0x81017001        0x0 binaries/ptcount.o
 .bss           0x81017001        0x0 binaries/ptcreate.o
 .bss           0x81017001        0x0 binaries/ptdelete.o
 .bss           0x81017001        0x0 binaries/ptinit.o
 .bss           0x81017001        0x0 binaries/ptrecv.o
 .bss           0x81017001        0x0 binaries/ptreset.o
 .bss           0x81017001        0x0 binaries/ptsend.o
 .bss           0x81017001        0x0 binaries/putc.o
 .bss           0x81017001        0x0 binaries/queue.o
 .bss           0x81017001        0x0 binaries/read.o
 .bss           0x81017001        0x0 binaries/ready.o
 .bss           0x81017001        0x0 binaries/receive.o
 .bss           0x81017001        0x0 binaries/recvclr.o
 .bss           0x81017001        0x0 binaries/recvtime.o
 *fill*         0x81017001        0x1 
 .bss           0x81017002        0x2 binaries/resched.o
                0x81017002                debugsched
 .bss           0x81017004        0x0 binaries/resume.o
 .bss           0x81017004        0x0 binaries/seek.o
 .bss           0x81017004        0x0 binaries/semcount.o
 .bss           0x81017004        0x4 binaries/semcreate.o
 .bss           0x81017008        0x0 binaries/semdelete.o
 .bss           0x81017008        0x0 binaries/semreset.o
 .bss           0x81017008        0x0 binaries/send.o
 .bss           0x81017008        0x0 binaries/signal.o
 .bss           0x81017008        0x0 binaries/signaln.o
 .bss           0x81017008        0x0 binaries/sleep.o
 .bss           0x81017008        0x0 binaries/suspend.o
 .bss           0x81017008        0x0 binaries/unsleep.o
 .bss           0x81017008        0x0 binaries/uprintf.o
 .bss           0x81017008        0x0 binaries/userret.o
 .bss           0x81017008        0x0 binaries/wait.o
 .bss           0x81017008        0x0 binaries/wakeup.o
 .bss           0x81017008        0x0 binaries/write.o
 .bss           0x81017008        0x0 binaries/xdone.o
 .bss           0x81017008        0x0 binaries/yield.o
 .bss           0x81017008        0x0 binaries/abs.o
 .bss           0x81017008        0x0 binaries/atoi.o
 .bss           0x81017008        0x0 binaries/atol.o
 .bss           0x81017008        0x0 binaries/bzero.o
 .bss           0x81017008        0x0 binaries/ctype_.o
 .bss           0x81017008        0x0 binaries/doprnt.o
 .bss           0x81017008        0x0 binaries/doscan.o
 .bss           0x81017008        0x0 binaries/fdoprnt.o
 .bss           0x81017008        0x0 binaries/fgetc.o
 .bss           0x81017008        0x0 binaries/fgets.o
 .bss           0x81017008        0x0 binaries/fprintf.o
 .bss           0x81017008        0x0 binaries/fputc.o
 .bss           0x81017008        0x0 binaries/fputs.o
 .bss           0x81017008        0x0 binaries/fscanf.o
 .bss           0x81017008        0x0 binaries/getchar.o
 .bss           0x81017008        0x0 binaries/labs.o
 .bss           0x81017008        0x0 binaries/memchr.o
 .bss           0x81017008        0x0 binaries/memcmp.o
 .bss           0x81017008        0x0 binaries/memcpy.o
 .bss           0x81017008        0x0 binaries/memset.o
 .bss           0x81017008        0x0 binaries/printf.o
 .bss           0x81017008        0x0 binaries/putchar.o
 .bss           0x81017008        0x8 binaries/qsort.o
 .bss           0x81017010        0x0 binaries/rand.o
 .bss           0x81017010        0x0 binaries/sprintf.o
 .bss           0x81017010        0x0 binaries/sscanf.o
 .bss           0x81017010        0x0 binaries/strchr.o
 .bss           0x81017010        0x0 binaries/strcmp.o
 .bss           0x81017010        0x0 binaries/strcpy.o
 .bss           0x81017010        0x0 binaries/strlen.o
 .bss           0x81017010        0x0 binaries/strncat.o
 .bss           0x81017010        0x0 binaries/strncmp.o
 .bss           0x81017010        0x0 binaries/strncpy.o
 .bss           0x81017010        0x0 binaries/strnlen.o
 .bss           0x81017010        0x0 binaries/strrchr.o
 .bss           0x81017010        0x0 binaries/strstr.o
 .bss           0x81017010        0x0 binaries/ttycontrol.o
 .bss           0x81017010        0x0 binaries/ttygetc.o
 .bss           0x81017010        0x0 binaries/ttyhandle_in.o
 .bss           0x81017010        0x0 binaries/ttyhandle_out.o
 .bss           0x81017010        0x0 binaries/ttyhandler.o
 .bss           0x81017010        0x0 binaries/ttyinit.o
 .bss           0x81017010        0x0 binaries/ttykickout.o
 .bss           0x81017010        0x0 binaries/ttyputc.o
 .bss           0x81017010        0x0 binaries/ttyread.o
 .bss           0x81017010        0x0 binaries/ttywrite.o
 .bss           0x81017010        0x0 binaries/mount.o
 .bss           0x81017010        0x0 binaries/naminit.o
 .bss           0x81017010        0x0 binaries/nammap.o
 .bss           0x81017010        0x0 binaries/namopen.o
 .bss           0x81017010        0x0 binaries/ethcontrol.o
 .bss           0x81017010        0x0 binaries/ethhandler.o
 .bss           0x81017010        0x0 binaries/ethinit.o
 .bss           0x81017010        0x0 binaries/ethread.o
 .bss           0x81017010        0x0 binaries/ethwrite.o
 .bss           0x81017010        0x0 binaries/rdsbufalloc.o
 .bss           0x81017010        0x0 binaries/rdsclose.o
 .bss           0x81017010        0x0 binaries/rdscomm.o
 .bss           0x81017010        0x0 binaries/rdscontrol.o
 .bss           0x81017010        0x0 binaries/rdsinit.o
 .bss           0x81017010        0x0 binaries/rdsopen.o
 .bss           0x81017010        0x0 binaries/rdsprocess.o
 .bss           0x81017010        0x0 binaries/rdsread.o
 .bss           0x81017010        0x0 binaries/rdswrite.o
 .bss           0x81017010        0x0 binaries/ramclose.o
 .bss           0x81017010        0x0 binaries/raminit.o
 .bss           0x81017010        0x0 binaries/ramopen.o
 .bss           0x81017010        0x0 binaries/ramread.o
 .bss           0x81017010        0x0 binaries/ramwrite.o
 .bss           0x81017010        0x0 binaries/lfdballoc.o
 .bss           0x81017010        0x0 binaries/lfdbfree.o
 .bss           0x81017010        0x0 binaries/lfflush.o
 .bss           0x81017010        0x0 binaries/lfgetmode.o
 .bss           0x81017010        0x0 binaries/lfiballoc.o
 .bss           0x81017010        0x0 binaries/lfibclear.o
 .bss           0x81017010        0x0 binaries/lfibget.o
 .bss           0x81017010        0x0 binaries/lfibput.o
 .bss           0x81017010        0x0 binaries/lflclose.o
 .bss           0x81017010        0x0 binaries/lflcontrol.o
 .bss           0x81017010        0x0 binaries/lflgetc.o
 .bss           0x81017010        0x0 binaries/lflinit.o
 .bss           0x81017010        0x0 binaries/lflputc.o
 .bss           0x81017010        0x0 binaries/lflread.o
 .bss           0x81017010        0x0 binaries/lflseek.o
 .bss           0x81017010        0x0 binaries/lflwrite.o
 .bss           0x81017010        0x0 binaries/lfscheck.o
 .bss           0x81017010        0x0 binaries/lfsckfmt.o
 .bss           0x81017010        0x0 binaries/lfscreate.o
 .bss           0x81017010        0x0 binaries/lfsetup.o
 .bss           0x81017010        0x0 binaries/lfsinit.o
 .bss           0x81017010        0x0 binaries/lfsopen.o
 .bss           0x81017010        0x0 binaries/lftruncate.o
 .bss           0x81017010        0x0 binaries/rflclose.o
 .bss           0x81017010        0x0 binaries/rflgetc.o
 .bss           0x81017010        0x0 binaries/rflinit.o
 .bss           0x81017010        0x0 binaries/rflputc.o
 .bss           0x81017010        0x0 binaries/rflread.o
 .bss           0x81017010        0x0 binaries/rflseek.o
 .bss           0x81017010        0x0 binaries/rflwrite.o
 .bss           0x81017010        0x0 binaries/rfscomm.o
 .bss           0x81017010        0x0 binaries/rfscontrol.o
 .bss           0x81017010        0x0 binaries/rfsgetmode.o
 .bss           0x81017010        0x0 binaries/rfsinit.o
 .bss           0x81017010        0x0 binaries/rfsndmsg.o
 .bss           0x81017010        0x0 binaries/rfsopen.o
 .bss           0x81017010        0x0 binaries/spicontrol.o
 .bss           0x81017010        0x0 binaries/spiinit.o
 .bss           0x81017010        0x0 binaries/gpiocontrol.o
 .bss           0x81017010        0x0 binaries/gpiohandler.o
 .bss           0x81017010        0x0 binaries/gpioinit.o
 .bss           0x81017010        0x0 binaries/gpioread.o
 .bss           0x81017010        0x0 binaries/gpioselect.o
 .bss           0x81017010        0x0 binaries/gpiowrite.o
 .bss           0x81017010        0x0 binaries/arp.o
 .bss           0x81017010        0x0 binaries/dhcp.o
 .bss           0x81017010        0x0 binaries/dns.o
 .bss           0x81017010        0x0 binaries/dot2ip.o
 .bss           0x81017010        0x0 binaries/hexdump.o
 .bss           0x81017010        0x0 binaries/icmp.o
 .bss           0x81017010        0x0 binaries/ip.o
 .bss           0x81017010        0x0 binaries/net.o
 .bss           0x81017010        0x0 binaries/pdump.o
 .bss           0x81017010        0x0 binaries/tftp.o
 .bss           0x81017010        0x0 binaries/udp.o
 .bss           0x81017010        0x0 binaries/addargs.o
 .bss           0x81017010        0x0 binaries/lexan.o
 .bss           0x81017010        0x0 binaries/shell.o
 .bss           0x81017010        0x0 binaries/xsh_argecho.o
 .bss           0x81017010        0x0 binaries/xsh_arp.o
 .bss           0x81017010        0x0 binaries/xsh_cat.o
 .bss           0x81017010        0x0 binaries/xsh_clear.o
 .bss           0x81017010        0x0 binaries/xsh_date.o
 .bss           0x81017010        0x0 binaries/xsh_devdump.o
 .bss           0x81017010        0x0 binaries/xsh_echo.o
 .bss           0x81017010        0x0 binaries/xsh_exit.o
 .bss           0x81017010        0x0 binaries/xsh_help.o
 .bss           0x81017010        0x0 binaries/xsh_kill.o
 .bss           0x81017010        0x0 binaries/xsh_memdump.o
 .bss           0x81017010        0x0 binaries/xsh_memstat.o
 .bss           0x81017010        0x0 binaries/xsh_netinfo.o
 .bss           0x81017010        0x4 binaries/xsh_ping.o
 .bss           0x81017014        0x0 binaries/xsh_ps.o
 .bss           0x81017014        0x0 binaries/xsh_sleep.o
 .bss           0x81017014        0x0 binaries/xsh_udpdump.o
 .bss           0x81017014        0x0 binaries/xsh_udpecho.o
 .bss           0x81017014        0x0 binaries/xsh_udpserver.o
 .bss           0x81017014        0x0 binaries/xsh_uptime.o
 .bss           0x81017014        0x0 binaries/ctxsw.o
 .bss           0x81017014        0x0 binaries/intr.o
 .bss           0x81017014        0x0 ../cross_compiler/lib/gcc/arm-none-eabi/4.8.1//libgcc.a(_udivsi3.o)
 .bss           0x81017014        0x0 ../cross_compiler/lib/gcc/arm-none-eabi/4.8.1//libgcc.a(_divsi3.o)
 .bss           0x81017014        0x0 ../cross_compiler/lib/gcc/arm-none-eabi/4.8.1//libgcc.a(_dvmd_tls.o)
 .bss           0x81017014        0x0 ../cross_compiler/lib/gcc/arm-none-eabi/4.8.1//libgcc.a(_arm_muldivdf3.o)
 .bss           0x81017014        0x0 ../cross_compiler/lib/gcc/arm-none-eabi/4.8.1//libgcc.a(_arm_cmpdf2.o)
 .bss           0x81017014        0x0 ../cross_compiler/lib/gcc/arm-none-eabi/4.8.1//libgcc.a(_arm_fixdfsi.o)
 *(COMMON)
 COMMON         0x81017014       0xf4 binaries/bufinit.o
                0x81017014                buftab
                0x81017104                nbpools
 COMMON         0x81017108       0x10 binaries/clkinit.o
                0x81017108                sleepq
                0x8101710c                preempt
                0x81017110                count1000
                0x81017114                clktime
 COMMON         0x81017118      0x200 binaries/evec.o
                0x81017118                intc_vector
 COMMON         0x81017318     0x1c30 binaries/initialize.o
                0x81017318                currpid
                0x8101731c                proctab
                0x81018a8c                prcount
                0x81018a90                semtab
                0x81018f40                memlist
 COMMON         0x81018f48       0x58 binaries/mark.o
                0x81018f48                marks
                0x81018f98                nmarks
                0x81018f9c                mkmutex
 COMMON         0x81018fa0        0x8 binaries/meminit.o
                0x81018fa0                minheap
                0x81018fa4                maxheap
 COMMON         0x81018fa8      0x2d8 binaries/ptinit.o
                0x81018fa8                porttab
                0x81019278                ptnextid
                0x8101927c                ptfree
 COMMON         0x81019280      0x980 binaries/queue.o
                0x81019280                queuetab
 COMMON         0x81019c00        0x2 binaries/ready.o
                0x81019c00                readylist
 *fill*         0x81019c02        0x2 
 COMMON         0x81019c04        0x8 binaries/resched.o
                0x81019c04                Defer
 COMMON         0x81019c0c      0x110 binaries/ttyinit.o
                0x81019c0c                ttytab
 COMMON         0x81019d1c     0x19a4 binaries/naminit.o
                0x81019d1c                nnames
                0x81019d20                nametab
 COMMON         0x8101b6c0      0x154 binaries/ethinit.o
                0x8101b6c0                eth_a_regs
                0x8101b6dc                ethertab
 COMMON         0x8101b814       0x8c binaries/rdsinit.o
                0x8101b814                rdstab
 COMMON         0x8101b8a0    0x19000 binaries/raminit.o
                0x8101b8a0                Ram
 COMMON         0x810348a0      0xf00 binaries/lflinit.o
                0x810348a0                lfltab
 COMMON         0x810357a0      0x20c binaries/lfsinit.o
                0x810357a0                Lf_data
 COMMON         0x810359ac      0x5a0 binaries/rflinit.o
                0x810359ac                rfltab
 COMMON         0x81035f4c       0x18 binaries/rfsinit.o
                0x81035f4c                Rf_data
 COMMON         0x81035f64       0x10 binaries/gpioinit.o
                0x81035f64                gpiotab
 COMMON         0x81035f74      0x140 binaries/arp.o
                0x81035f74                arpcache
 COMMON         0x810360b4      0x230 binaries/icmp.o
                0x810360b4                icmptab
 COMMON         0x810362e4       0x2c binaries/ip.o
                0x810362e4                ipoqueue
 COMMON         0x81036310       0xb8 binaries/net.o
                0x81036310                netbufpool
                0x81036314                netportseed
                0x81036318                NetData
 COMMON         0x810363c8      0x168 binaries/udp.o
                0x810363c8                udptab
                0x81036530                ebss = ABSOLUTE (.)
                0x81037000                . = ALIGN (0x1000)
 *fill*         0x81036530      0xad0 
 */()
                0x81037000                end = ABSOLUTE (.)
                0x81037000                _end = ABSOLUTE (.)
                0x81037000                . = ALIGN (0x1000)
LOAD binaries/start.o
LOAD binaries/ascdate.o
LOAD binaries/bufinit.o
LOAD binaries/chprio.o
LOAD binaries/clkhandler.o
LOAD binaries/clkinit.o
LOAD binaries/close.o
LOAD binaries/conf.o
LOAD binaries/control.o
LOAD binaries/create.o
LOAD binaries/evec.o
LOAD binaries/exit.o
LOAD binaries/freebuf.o
LOAD binaries/freemem.o
LOAD binaries/getbuf.o
LOAD binaries/getc.o
LOAD binaries/getdev.o
LOAD binaries/getitem.o
LOAD binaries/getmem.o
LOAD binaries/getpid.o
LOAD binaries/getprio.o
LOAD binaries/getstk.o
LOAD binaries/getticks.o
LOAD binaries/gettime.o
LOAD binaries/getutime.o
LOAD binaries/init.o
LOAD binaries/initialize.o
LOAD binaries/insert.o
LOAD binaries/insertd.o
LOAD binaries/ioerr.o
LOAD binaries/ionull.o
LOAD binaries/kill.o
LOAD binaries/kprintf.o
LOAD binaries/limit.o
LOAD binaries/main.o
LOAD binaries/mark.o
LOAD binaries/meminit.o
LOAD binaries/mkbufpool.o
LOAD binaries/newqueue.o
LOAD binaries/open.o
LOAD binaries/panic.o
LOAD binaries/platinit.o
LOAD binaries/printer.o
LOAD binaries/ptclear.o
LOAD binaries/ptcount.o
LOAD binaries/ptcreate.o
LOAD binaries/ptdelete.o
LOAD binaries/ptinit.o
LOAD binaries/ptrecv.o
LOAD binaries/ptreset.o
LOAD binaries/ptsend.o
LOAD binaries/putc.o
LOAD binaries/queue.o
LOAD binaries/read.o
LOAD binaries/ready.o
LOAD binaries/receive.o
LOAD binaries/recvclr.o
LOAD binaries/recvtime.o
LOAD binaries/resched.o
LOAD binaries/resume.o
LOAD binaries/seek.o
LOAD binaries/semcount.o
LOAD binaries/semcreate.o
LOAD binaries/semdelete.o
LOAD binaries/semreset.o
LOAD binaries/send.o
LOAD binaries/signal.o
LOAD binaries/signaln.o
LOAD binaries/sleep.o
LOAD binaries/suspend.o
LOAD binaries/unsleep.o
LOAD binaries/uprintf.o
LOAD binaries/userret.o
LOAD binaries/wait.o
LOAD binaries/wakeup.o
LOAD binaries/write.o
LOAD binaries/xdone.o
LOAD binaries/yield.o
LOAD binaries/abs.o
LOAD binaries/atoi.o
LOAD binaries/atol.o
LOAD binaries/bzero.o
LOAD binaries/ctype_.o
LOAD binaries/doprnt.o
LOAD binaries/doscan.o
LOAD binaries/fdoprnt.o
LOAD binaries/fgetc.o
LOAD binaries/fgets.o
LOAD binaries/fprintf.o
LOAD binaries/fputc.o
LOAD binaries/fputs.o
LOAD binaries/fscanf.o
LOAD binaries/getchar.o
LOAD binaries/labs.o
LOAD binaries/memchr.o
LOAD binaries/memcmp.o
LOAD binaries/memcpy.o
LOAD binaries/memset.o
LOAD binaries/printf.o
LOAD binaries/putchar.o
LOAD binaries/qsort.o
LOAD binaries/rand.o
LOAD binaries/sprintf.o
LOAD binaries/sscanf.o
LOAD binaries/strchr.o
LOAD binaries/strcmp.o
LOAD binaries/strcpy.o
LOAD binaries/strlen.o
LOAD binaries/strncat.o
LOAD binaries/strncmp.o
LOAD binaries/strncpy.o
LOAD binaries/strnlen.o
LOAD binaries/strrchr.o
LOAD binaries/strstr.o
LOAD binaries/ttycontrol.o
LOAD binaries/ttygetc.o
LOAD binaries/ttyhandle_in.o
LOAD binaries/ttyhandle_out.o
LOAD binaries/ttyhandler.o
LOAD binaries/ttyinit.o
LOAD binaries/ttykickout.o
LOAD binaries/ttyputc.o
LOAD binaries/ttyread.o
LOAD binaries/ttywrite.o
LOAD binaries/mount.o
LOAD binaries/naminit.o
LOAD binaries/nammap.o
LOAD binaries/namopen.o
LOAD binaries/ethcontrol.o
LOAD binaries/ethhandler.o
LOAD binaries/ethinit.o
LOAD binaries/ethread.o
LOAD binaries/ethwrite.o
[...]
 .ARM.attributes
                0x00001df5       0x35 binaries/ramread.o
 .ARM.attributes
                0x00001e2a       0x35 binaries/ramwrite.o
 .ARM.attributes
                0x00001e5f       0x35 binaries/lfdballoc.o
 .ARM.attributes
                0x00001e94       0x35 binaries/lfdbfree.o
 .ARM.attributes
                0x00001ec9       0x35 binaries/lfflush.o
 .ARM.attributes
                0x00001efe       0x35 binaries/lfgetmode.o
 .ARM.attributes
                0x00001f33       0x35 binaries/lfiballoc.o
 .ARM.attributes
                0x00001f68       0x35 binaries/lfibclear.o
 .ARM.attributes
                0x00001f9d       0x35 binaries/lfibget.o
 .ARM.attributes
                0x00001fd2       0x35 binaries/lfibput.o
 .ARM.attributes
                0x00002007       0x35 binaries/lflclose.o
 .ARM.attributes
                0x0000203c       0x35 binaries/lflcontrol.o
 .ARM.attributes
                0x00002071       0x35 binaries/lflgetc.o
 .ARM.attributes
                0x000020a6       0x35 binaries/lflinit.o
 .ARM.attributes
                0x000020db       0x35 binaries/lflputc.o
 .ARM.attributes
                0x00002110       0x35 binaries/lflread.o
 .ARM.attributes
                0x00002145       0x35 binaries/lflseek.o
 .ARM.attributes
                0x0000217a       0x35 binaries/lflwrite.o
 .ARM.attributes
                0x000021af       0x35 binaries/lfscheck.o
 .ARM.attributes
                0x000021e4       0x35 binaries/lfsckfmt.o
 .ARM.attributes
                0x00002219       0x35 binaries/lfscreate.o
 .ARM.attributes
                0x0000224e       0x35 binaries/lfsetup.o
 .ARM.attributes
                0x00002283       0x35 binaries/lfsinit.o
 .ARM.attributes
                0x000022b8       0x35 binaries/lfsopen.o
 .ARM.attributes
                0x000022ed       0x35 binaries/lftruncate.o
 .ARM.attributes
                0x00002322       0x35 binaries/rflclose.o
 .ARM.attributes
                0x00002357       0x35 binaries/rflgetc.o
 .ARM.attributes
                0x0000238c       0x35 binaries/rflinit.o
 .ARM.attributes
                0x000023c1       0x35 binaries/rflputc.o
 .ARM.attributes
                0x000023f6       0x35 binaries/rflread.o
 .ARM.attributes
                0x0000242b       0x35 binaries/rflseek.o
 .ARM.attributes
                0x00002460       0x35 binaries/rflwrite.o
 .ARM.attributes
                0x00002495       0x35 binaries/rfscomm.o
 .ARM.attributes
                0x000024ca       0x35 binaries/rfscontrol.o
 .ARM.attributes
                0x000024ff       0x35 binaries/rfsgetmode.o
 .ARM.attributes
                0x00002534       0x35 binaries/rfsinit.o
 .ARM.attributes
                0x00002569       0x35 binaries/rfsndmsg.o
 .ARM.attributes
                0x0000259e       0x35 binaries/rfsopen.o
 .ARM.attributes
                0x000025d3       0x35 binaries/spicontrol.o
 .ARM.attributes
                0x00002608       0x35 binaries/spiinit.o
 .ARM.attributes
                0x0000263d       0x35 binaries/gpiocontrol.o
 .ARM.attributes
                0x00002672       0x35 binaries/gpiohandler.o
 .ARM.attributes
                0x000026a7       0x35 binaries/gpioinit.o
 .ARM.attributes
                0x000026dc       0x35 binaries/gpioread.o
 .ARM.attributes
                0x00002711       0x35 binaries/gpioselect.o
 .ARM.attributes
                0x00002746       0x35 binaries/gpiowrite.o
 .ARM.attributes
                0x0000277b       0x35 binaries/arp.o
 .ARM.attributes
                0x000027b0       0x35 binaries/dhcp.o
 .ARM.attributes
                0x000027e5       0x35 binaries/dns.o
 .ARM.attributes
                0x0000281a       0x35 binaries/dot2ip.o
 .ARM.attributes
                0x0000284f       0x35 binaries/hexdump.o
 .ARM.attributes
                0x00002884       0x35 binaries/icmp.o
 .ARM.attributes
                0x000028b9       0x35 binaries/ip.o
 .ARM.attributes
                0x000028ee       0x35 binaries/net.o
 .ARM.attributes
                0x00002923       0x35 binaries/pdump.o
 .ARM.attributes
                0x00002958       0x35 binaries/tftp.o
 .ARM.attributes
                0x0000298d       0x35 binaries/udp.o
 .ARM.attributes
                0x000029c2       0x35 binaries/addargs.o
 .ARM.attributes
                0x000029f7       0x35 binaries/lexan.o
 .ARM.attributes
                0x00002a2c       0x35 binaries/shell.o
 .ARM.attributes
                0x00002a61       0x35 binaries/xsh_argecho.o
 .ARM.attributes
                0x00002a96       0x35 binaries/xsh_arp.o
 .ARM.attributes
                0x00002acb       0x35 binaries/xsh_cat.o
 .ARM.attributes
                0x00002b00       0x35 binaries/xsh_clear.o
 .ARM.attributes
                0x00002b35       0x35 binaries/xsh_date.o
 .ARM.attributes
                0x00002b6a       0x35 binaries/xsh_devdump.o
 .ARM.attributes
                0x00002b9f       0x35 binaries/xsh_echo.o
 .ARM.attributes
                0x00002bd4       0x35 binaries/xsh_exit.o
 .ARM.attributes
                0x00002c09       0x35 binaries/xsh_help.o
 .ARM.attributes
                0x00002c3e       0x35 binaries/xsh_kill.o
 .ARM.attributes
                0x00002c73       0x35 binaries/xsh_memdump.o
 .ARM.attributes
                0x00002ca8       0x35 binaries/xsh_memstat.o
 .ARM.attributes
                0x00002cdd       0x35 binaries/xsh_netinfo.o
 .ARM.attributes
                0x00002d12       0x35 binaries/xsh_ping.o
 .ARM.attributes
                0x00002d47       0x35 binaries/xsh_ps.o
 .ARM.attributes
                0x00002d7c       0x35 binaries/xsh_sleep.o
 .ARM.attributes
                0x00002db1       0x35 binaries/xsh_udpdump.o
 .ARM.attributes
                0x00002de6       0x35 binaries/xsh_udpecho.o
 .ARM.attributes
                0x00002e1b       0x35 binaries/xsh_udpserver.o
 .ARM.attributes
                0x00002e50       0x35 binaries/xsh_uptime.o
 .ARM.attributes
                0x00002e85       0x25 binaries/ctxsw.o
 .ARM.attributes
                0x00002eaa       0x25 binaries/intr.o
 .ARM.attributes
                0x00002ecf       0x18 ../cross_compiler/lib/gcc/arm-none-eabi/4.8.1//libgcc.a(_udivsi3.o)
 .ARM.attributes
                0x00002ee7       0x18 ../cross_compiler/lib/gcc/arm-none-eabi/4.8.1//libgcc.a(_divsi3.o)
 .ARM.attributes
                0x00002eff       0x18 ../cross_compiler/lib/gcc/arm-none-eabi/4.8.1//libgcc.a(_dvmd_tls.o)
 .ARM.attributes
                0x00002f17       0x18 ../cross_compiler/lib/gcc/arm-none-eabi/4.8.1//libgcc.a(_arm_muldivdf3.o)
 .ARM.attributes
                0x00002f2f       0x18 ../cross_compiler/lib/gcc/arm-none-eabi/4.8.1//libgcc.a(_arm_cmpdf2.o)
 .ARM.attributes
                0x00002f47       0x18 ../cross_compiler/lib/gcc/arm-none-eabi/4.8.1//libgcc.a(_arm_fixdfsi.o)

.comment        0x00000000       0x30
 .comment       0x00000000       0x30 binaries/ascdate.o
                                 0x31 (size before relaxing)
 .comment       0x00000000       0x31 binaries/bufinit.o
 .comment       0x00000000       0x31 binaries/chprio.o
 .comment       0x00000000       0x31 binaries/clkhandler.o
 .comment       0x00000000       0x31 binaries/clkinit.o
 .comment       0x00000000       0x31 binaries/close.o
 .comment       0x00000000       0x31 binaries/conf.o
 .comment       0x00000000       0x31 binaries/control.o
 .comment       0x00000000       0x31 binaries/create.o
 .comment       0x00000000       0x31 binaries/evec.o
 .comment       0x00000000       0x31 binaries/exit.o
 .comment       0x00000000       0x31 binaries/freebuf.o
 .comment       0x00000000       0x31 binaries/freemem.o
 .comment       0x00000000       0x31 binaries/getbuf.o
 .comment       0x00000000       0x31 binaries/getc.o
 .comment       0x00000000       0x31 binaries/getdev.o
 .comment       0x00000000       0x31 binaries/getitem.o
 .comment       0x00000000       0x31 binaries/getmem.o
 .comment       0x00000000       0x31 binaries/getpid.o
 .comment       0x00000000       0x31 binaries/getprio.o
 .comment       0x00000000       0x31 binaries/getstk.o
 .comment       0x00000000       0x31 binaries/getticks.o
 .comment       0x00000000       0x31 binaries/gettime.o
 .comment       0x00000000       0x31 binaries/getutime.o
 .comment       0x00000000       0x31 binaries/init.o
 .comment       0x00000000       0x31 binaries/initialize.o
 .comment       0x00000000       0x31 binaries/insert.o
 .comment       0x00000000       0x31 binaries/insertd.o
 .comment       0x00000000       0x31 binaries/ioerr.o
 .comment       0x00000000       0x31 binaries/ionull.o
 .comment       0x00000000       0x31 binaries/kill.o
 .comment       0x00000000       0x31 binaries/kprintf.o
 .comment       0x00000000       0x31 binaries/limit.o
 .comment       0x00000000       0x31 binaries/main.o
 .comment       0x00000000       0x31 binaries/mark.o
 .comment       0x00000000       0x31 binaries/meminit.o
 .comment       0x00000000       0x31 binaries/mkbufpool.o
 .comment       0x00000000       0x31 binaries/newqueue.o
 .comment       0x00000000       0x31 binaries/open.o
 .comment       0x00000000       0x31 binaries/panic.o
 .comment       0x00000000       0x31 binaries/platinit.o
 .comment       0x00000000       0x31 binaries/printer.o
 .comment       0x00000000       0x31 binaries/ptclear.o
 .comment       0x00000000       0x31 binaries/ptcount.o
 .comment       0x00000000       0x31 binaries/ptcreate.o
 .comment       0x00000000       0x31 binaries/ptdelete.o
 .comment       0x00000000       0x31 binaries/ptinit.o
 .comment       0x00000000       0x31 binaries/ptrecv.o
 .comment       0x00000000       0x31 binaries/ptreset.o
 .comment       0x00000000       0x31 binaries/ptsend.o
 .comment       0x00000000       0x31 binaries/putc.o
 .comment       0x00000000       0x31 binaries/queue.o
 .comment       0x00000000       0x31 binaries/read.o
 .comment       0x00000000       0x31 binaries/ready.o
 .comment       0x00000000       0x31 binaries/receive.o
 .comment       0x00000000       0x31 binaries/recvclr.o
 .comment       0x00000000       0x31 binaries/recvtime.o
 .comment       0x00000000       0x31 binaries/resched.o
 .comment       0x00000000       0x31 binaries/resume.o
 .comment       0x00000000       0x31 binaries/seek.o
 .comment       0x00000000       0x31 binaries/semcount.o
 .comment       0x00000000       0x31 binaries/semcreate.o
 .comment       0x00000000       0x31 binaries/semdelete.o
 .comment       0x00000000       0x31 binaries/semreset.o
 .comment       0x00000000       0x31 binaries/send.o
 .comment       0x00000000       0x31 binaries/signal.o
 .comment       0x00000000       0x31 binaries/signaln.o
 .comment       0x00000000       0x31 binaries/sleep.o
 .comment       0x00000000       0x31 binaries/suspend.o
 .comment       0x00000000       0x31 binaries/unsleep.o
 .comment       0x00000000       0x31 binaries/uprintf.o
 .comment       0x00000000       0x31 binaries/userret.o
 .comment       0x00000000       0x31 binaries/wait.o
 .comment       0x00000000       0x31 binaries/wakeup.o
 .comment       0x00000000       0x31 binaries/write.o
 .comment       0x00000000       0x31 binaries/xdone.o
 .comment       0x00000000       0x31 binaries/yield.o
 .comment       0x00000000       0x31 binaries/abs.o
 .comment       0x00000000       0x31 binaries/atoi.o
 .comment       0x00000000       0x31 binaries/atol.o
 .comment       0x00000000       0x31 binaries/bzero.o
 .comment       0x00000000       0x31 binaries/ctype_.o
 .comment       0x00000000       0x31 binaries/doprnt.o
 .comment       0x00000000       0x31 binaries/doscan.o
 .comment       0x00000000       0x31 binaries/fdoprnt.o
 .comment       0x00000000       0x31 binaries/fgetc.o
 .comment       0x00000000       0x31 binaries/fgets.o
 .comment       0x00000000       0x31 binaries/fprintf.o
 .comment       0x00000000       0x31 binaries/fputc.o
 .comment       0x00000000       0x31 binaries/fputs.o
 .comment       0x00000000       0x31 binaries/fscanf.o
 .comment       0x00000000       0x31 binaries/getchar.o
 .comment       0x00000000       0x31 binaries/labs.o
 .comment       0x00000000       0x31 binaries/memchr.o
 .comment       0x00000000       0x31 binaries/memcmp.o
 .comment       0x00000000       0x31 binaries/memcpy.o
 .comment       0x00000000       0x31 binaries/memset.o
 .comment       0x00000000       0x31 binaries/printf.o
 .comment       0x00000000       0x31 binaries/putchar.o
 .comment       0x00000000       0x31 binaries/qsort.o
 .comment       0x00000000       0x31 binaries/rand.o
 .comment       0x00000000       0x31 binaries/sprintf.o
 .comment       0x00000000       0x31 binaries/sscanf.o
 .comment       0x00000000       0x31 binaries/strchr.o
 .comment       0x00000000       0x31 binaries/strcmp.o
 .comment       0x00000000       0x31 binaries/strcpy.o
 .comment       0x00000000       0x31 binaries/strlen.o
 .comment       0x00000000       0x31 binaries/strncat.o
 .comment       0x00000000       0x31 binaries/strncmp.o
 .comment       0x00000000       0x31 binaries/strncpy.o
 .comment       0x00000000       0x31 binaries/strnlen.o
 .comment       0x00000000       0x31 binaries/strrchr.o
 .comment       0x00000000       0x31 binaries/strstr.o
 .comment       0x00000000       0x31 binaries/ttycontrol.o
 .comment       0x00000000       0x31 binaries/ttygetc.o
 .comment       0x00000000       0x31 binaries/ttyhandle_in.o
 .comment       0x00000000       0x31 binaries/ttyhandle_out.o
 .comment       0x00000000       0x31 binaries/ttyhandler.o
 .comment       0x00000000       0x31 binaries/ttyinit.o
 .comment       0x00000000       0x31 binaries/ttykickout.o
 .comment       0x00000000       0x31 binaries/ttyputc.o
 .comment       0x00000000       0x31 binaries/ttyread.o
 .comment       0x00000000       0x31 binaries/ttywrite.o
 .comment       0x00000000       0x31 binaries/mount.o
 .comment       0x00000000       0x31 binaries/naminit.o
 .comment       0x00000000       0x31 binaries/nammap.o
 .comment       0x00000000       0x31 binaries/namopen.o
 .comment       0x00000000       0x31 binaries/ethcontrol.o
 .comment       0x00000000       0x31 binaries/ethhandler.o
 .comment       0x00000000       0x31 binaries/ethinit.o
 .comment       0x00000000       0x31 binaries/ethread.o
 .comment       0x00000000       0x31 binaries/ethwrite.o
 .comment       0x00000000       0x31 binaries/rdsbufalloc.o
 .comment       0x00000000       0x31 binaries/rdsclose.o
 .comment       0x00000000       0x31 binaries/rdscomm.o
 .comment       0x00000000       0x31 binaries/rdscontrol.o
 .comment       0x00000000       0x31 binaries/rdsinit.o
 .comment       0x00000000       0x31 binaries/rdsopen.o
 .comment       0x00000000       0x31 binaries/rdsprocess.o
 .comment       0x00000000       0x31 binaries/rdsread.o
 .comment       0x00000000       0x31 binaries/rdswrite.o
 .comment       0x00000000       0x31 binaries/ramclose.o
 .comment       0x00000000       0x31 binaries/raminit.o
 .comment       0x00000000       0x31 binaries/ramopen.o
 .comment       0x00000000       0x31 binaries/ramread.o
 .comment       0x00000000       0x31 binaries/ramwrite.o
 .comment       0x00000000       0x31 binaries/lfdballoc.o
 .comment       0x00000000       0x31 binaries/lfdbfree.o
 .comment       0x00000000       0x31 binaries/lfflush.o
 .comment       0x00000000       0x31 binaries/lfgetmode.o
 .comment       0x00000000       0x31 binaries/lfiballoc.o
 .comment       0x00000000       0x31 binaries/lfibclear.o
 .comment       0x00000000       0x31 binaries/lfibget.o
 .comment       0x00000000       0x31 binaries/lfibput.o
 .comment       0x00000000       0x31 binaries/lflclose.o
 .comment       0x00000000       0x31 binaries/lflcontrol.o
 .comment       0x00000000       0x31 binaries/lflgetc.o
 .comment       0x00000000       0x31 binaries/lflinit.o
 .comment       0x00000000       0x31 binaries/lflputc.o
 .comment       0x00000000       0x31 binaries/lflread.o
 .comment       0x00000000       0x31 binaries/lflseek.o
 .comment       0x00000000       0x31 binaries/lflwrite.o
 .comment       0x00000000       0x31 binaries/lfscheck.o
 .comment       0x00000000       0x31 binaries/lfsckfmt.o
 .comment       0x00000000       0x31 binaries/lfscreate.o
 .comment       0x00000000       0x31 binaries/lfsetup.o
 .comment       0x00000000       0x31 binaries/lfsinit.o
 .comment       0x00000000       0x31 binaries/lfsopen.o
 .comment       0x00000000       0x31 binaries/lftruncate.o
 .comment       0x00000000       0x31 binaries/rflclose.o
 .comment       0x00000000       0x31 binaries/rflgetc.o
 .comment       0x00000000       0x31 binaries/rflinit.o
 .comment       0x00000000       0x31 binaries/rflputc.o
 .comment       0x00000000       0x31 binaries/rflread.o
 .comment       0x00000000       0x31 binaries/rflseek.o
 .comment       0x00000000       0x31 binaries/rflwrite.o
 .comment       0x00000000       0x31 binaries/rfscomm.o
 .comment       0x00000000       0x31 binaries/rfscontrol.o
 .comment       0x00000000       0x31 binaries/rfsgetmode.o
 .comment       0x00000000       0x31 binaries/rfsinit.o
 .comment       0x00000000       0x31 binaries/rfsndmsg.o
 .comment       0x00000000       0x31 binaries/rfsopen.o
 .comment       0x00000000       0x31 binaries/spicontrol.o
 .comment       0x00000000       0x31 binaries/spiinit.o
 .comment       0x00000000       0x31 binaries/gpiocontrol.o
 .comment       0x00000000       0x31 binaries/gpiohandler.o
 .comment       0x00000000       0x31 binaries/gpioinit.o
 .comment       0x00000000       0x31 binaries/gpioread.o
 .comment       0x00000000       0x31 binaries/gpioselect.o
 .comment       0x00000000       0x31 binaries/gpiowrite.o
 .comment       0x00000000       0x31 binaries/arp.o
 .comment       0x00000000       0x31 binaries/dhcp.o
 .comment       0x00000000       0x31 binaries/dns.o
 .comment       0x00000000       0x31 binaries/dot2ip.o
 .comment       0x00000000       0x31 binaries/hexdump.o
 .comment       0x00000000       0x31 binaries/icmp.o
 .comment       0x00000000       0x31 binaries/ip.o
 .comment       0x00000000       0x31 binaries/net.o
 .comment       0x00000000       0x31 binaries/pdump.o
 .comment       0x00000000       0x31 binaries/tftp.o
 .comment       0x00000000       0x31 binaries/udp.o
 .comment       0x00000000       0x31 binaries/addargs.o
 .comment       0x00000000       0x31 binaries/lexan.o
 .comment       0x00000000       0x31 binaries/shell.o
 .comment       0x00000000       0x31 binaries/xsh_argecho.o
 .comment       0x00000000       0x31 binaries/xsh_arp.o
 .comment       0x00000000       0x31 binaries/xsh_cat.o
 .comment       0x00000000       0x31 binaries/xsh_clear.o
 .comment       0x00000000       0x31 binaries/xsh_date.o
 .comment       0x00000000       0x31 binaries/xsh_devdump.o
 .comment       0x00000000       0x31 binaries/xsh_echo.o
 .comment       0x00000000       0x31 binaries/xsh_exit.o
 .comment       0x00000000       0x31 binaries/xsh_help.o
 .comment       0x00000000       0x31 binaries/xsh_kill.o
 .comment       0x00000000       0x31 binaries/xsh_memdump.o
 .comment       0x00000000       0x31 binaries/xsh_memstat.o
 .comment       0x00000000       0x31 binaries/xsh_netinfo.o
 .comment       0x00000000       0x31 binaries/xsh_ping.o
 .comment       0x00000000       0x31 binaries/xsh_ps.o
 .comment       0x00000000       0x31 binaries/xsh_sleep.o
 .comment       0x00000000       0x31 binaries/xsh_udpdump.o
 .comment       0x00000000       0x31 binaries/xsh_udpecho.o
 .comment       0x00000000       0x31 binaries/xsh_udpserver.o
 .comment       0x00000000       0x31 binaries/xsh_uptime.o

.debug_frame    0x00000000       0x40
 .debug_frame   0x00000000       0x20 ../cross_compiler/lib/gcc/arm-none-eabi/4.8.1//libgcc.a(_udivsi3.o)
 .debug_frame   0x00000020       0x20 ../cross_compiler/lib/gcc/arm-none-eabi/4.8.1//libgcc.a(_divsi3.o)
