Archive member included because of file (symbol)

../cross_compiler/lib/gcc/arm-none-eabi/4.8.1//libgcc.a(_udivsi3.o)
                              binaries/qsort.o (__aeabi_uidiv)
../cross_compiler/lib/gcc/arm-none-eabi/4.8.1//libgcc.a(_divsi3.o)
                              binaries/doprnt.o (__aeabi_idiv)
../cross_compiler/lib/gcc/arm-none-eabi/4.8.1//libgcc.a(_dvmd_tls.o)
                              ../cross_compiler/lib/gcc/arm-none-eabi/4.8.1//libgcc.a(_udivsi3.o) (__aeabi_idiv0)
../cross_compiler/lib/gcc/arm-none-eabi/4.8.1//libgcc.a(_arm_muldivdf3.o)
                              binaries/doprnt.o (__aeabi_dmul)
../cross_compiler/lib/gcc/arm-none-eabi/4.8.1//libgcc.a(_arm_cmpdf2.o)
                              binaries/doprnt.o (__aeabi_dcmplt)
../cross_compiler/lib/gcc/arm-none-eabi/4.8.1//libgcc.a(_arm_fixdfsi.o)
                              binaries/doprnt.o (__aeabi_d2iz)

Allocating common symbols
Common symbol       size              file

netbufpool          0x4               binaries/net.o
readylist           0x2               binaries/ready.o
rfltab              0x5a0             binaries/rflinit.o
netportseed         0x4               binaries/net.o
sleepq              0x2               binaries/clkinit.o
gpiotab             0x10              binaries/gpioinit.o
intc_vector         0x200             binaries/evec.o
nnames              0x4               binaries/naminit.o
udptab              0x168             binaries/udp.o
minheap             0x4               binaries/meminit.o
marks               0x50              binaries/mark.o
currpid             0x4               binaries/initialize.o
Lf_data             0x20c             binaries/lfsinit.o
porttab             0x2d0             binaries/ptinit.o
ttytab              0x110             binaries/ttyinit.o
proctab             0x1c20            binaries/initialize.o
eth_a_regs          0x1c              binaries/ethinit.o
prcount             0x4               binaries/initialize.o
recvpid             0x4               binaries/main.o
lfltab              0xf00             binaries/lflinit.o
rdstab              0x8c              binaries/rdsinit.o
ethertab            0x138             binaries/ethinit.o
NetData             0xb0              binaries/net.o
nmarks              0x4               binaries/mark.o
sendpid             0x4               binaries/main.o
Defer               0x8               binaries/resched.o
semtab              0x4b0             binaries/initialize.o
maxheap             0x4               binaries/meminit.o
preempt             0x4               binaries/clkinit.o
buftab              0xf0              binaries/bufinit.o
Rf_data             0x18              binaries/rfsinit.o
mkmutex             0x4               binaries/mark.o
count1000           0x4               binaries/clkinit.o
clktime             0x4               binaries/clkinit.o
arpcache            0x140             binaries/arp.o
icmptab             0x230             binaries/icmp.o
nbpools             0x4               binaries/bufinit.o
queuetab            0x980             binaries/queue.o
ptnextid            0x4               binaries/ptinit.o
Ram                 0x19000           binaries/raminit.o
ipoqueue            0x2c              binaries/ip.o
memlist             0x8               binaries/initialize.o
nametab             0x19a0            binaries/naminit.o
ptfree              0x4               binaries/ptinit.o

Memory Configuration

Name             Origin             Length             Attributes
*default*        0x00000000         0xffffffff

Linker script and memory map

                0x81000000                physbase = 0x81000000
                0x81000000                . = physbase
                0x81000000                . = ALIGN (0x1000)

.text           0x81000000    0x16000
                0x81000000                text = ABSOLUTE (.)
 *(.text .text.*)
 .text          0x81000000       0x4c binaries/start.o
                0x81000000                start
 .text          0x8100004c      0x33c binaries/ascdate.o
                0x8100004c                ascdate
 .text          0x81000388       0x18 binaries/bufinit.o
                0x81000388                bufinit
 .text          0x810003a0       0x68 binaries/chprio.o
                0x810003a0                chprio
 .text          0x81000408       0xf0 binaries/clkhandler.o
                0x81000408                clkhandler
 .text          0x810004f8       0xe0 binaries/clkinit.o
                0x810004f8                clkinit
 .text          0x810005d8       0x50 binaries/close.o
                0x810005d8                close
 .text          0x81000628        0x0 binaries/conf.o
 .text          0x81000628       0x68 binaries/control.o
                0x81000628                control
 .text          0x81000690      0x290 binaries/create.o
                0x81000690                create
 .text          0x81000920       0xc4 binaries/evec.o
                0x81000920                initintc
                0x8100094c                set_evec
                0x8100098c                irq_dispatch
 .text          0x810009e4       0x10 binaries/exit.o
                0x810009e4                exit
 .text          0x810009f4       0x7c binaries/freebuf.o
                0x810009f4                freebuf
 .text          0x81000a70      0x148 binaries/freemem.o
                0x81000a70                freemem
 .text          0x81000bb8       0x78 binaries/getbuf.o
                0x81000bb8                getbuf
 .text          0x81000c30       0x50 binaries/getc.o
                0x81000c30                getc
 .text          0x81000c80       0x68 binaries/getdev.o
                0x81000c80                getdev
 .text          0x81000ce8       0xa0 binaries/getitem.o
                0x81000ce8                getitem
                0x81000d18                getfirst
                0x81000d4c                getlast
 .text          0x81000d88      0x108 binaries/getmem.o
                0x81000d88                getmem
 .text          0x81000e90       0x10 binaries/getpid.o
                0x81000e90                getpid
 .text          0x81000ea0       0x5c binaries/getprio.o
                0x81000ea0                getprio
 .text          0x81000efc       0xc8 binaries/getstk.o
                0x81000efc                getstk
 .text          0x81000fc4        0x8 binaries/getticks.o
                0x81000fc4                getticks
 .text          0x81000fcc       0x38 binaries/gettime.o
                0x81000fcc                gettime
 .text          0x81001004      0x1f4 binaries/getutime.o
                0x81001004                getutime
 .text          0x810011f8       0x50 binaries/init.o
                0x810011f8                init
 .text          0x81001248      0x348 binaries/initialize.o
                0x810012ec                nulluser
                0x81001530                stop
                0x81001554                delay
 .text          0x81001590       0xd0 binaries/insert.o
                0x81001590                insert
 .text          0x81001660      0x134 binaries/insertd.o
                0x81001660                insertd
 .text          0x81001794        0x8 binaries/ioerr.o
                0x81001794                ioerr
 .text          0x8100179c        0x8 binaries/ionull.o
                0x8100179c                ionull
 .text          0x810017a4      0x158 binaries/kill.o
                0x810017a4                kill
 .text          0x810018fc       0xd0 binaries/kprintf.o
                0x810018fc                kputc
                0x8100194c                kgetc
                0x8100198c                kprintf
 .text          0x810019cc      0xafc binaries/main.o
                0x810019cc                receiver_5
                0x810019f4                receiver_1
                0x81001a80                printnum
                0x81001ad4                sender_1
                0x81001af8                sender_2
                0x81001b34                sender_3
                0x81001bb0                sender_4_2
                0x81001bf8                test_1
                0x81001c7c                test_2
                0x81001d00                test_3
                0x81001d84                sender_4
                0x81001e00                test_4
                0x81001e84                test_5
                0x81001f08                receiver_2
                0x81001fe4                receiver_4
                0x810020e4                receiver_3
                0x8100234c                sender_5
                0x810023c8                main
 .text          0x810024c8       0xd0 binaries/mark.o
                0x810024c8                markinit
                0x810024f4                mark
 .text          0x81002598       0x48 binaries/meminit.o
                0x81002598                meminit
 .text          0x810025e0      0x140 binaries/mkbufpool.o
                0x810025e0                mkbufpool
 .text          0x81002720       0x7c binaries/newqueue.o
                0x81002720                newqueue
 .text          0x8100279c       0x60 binaries/open.o
                0x8100279c                open
 .text          0x810027fc       0x20 binaries/panic.o
                0x810027fc                panic
 .text          0x8100281c       0xac binaries/platinit.o
                0x8100281c                counterinit
                0x81002834                platinit
 .text          0x810028c8       0xa8 binaries/ptclear.o
                0x810028c8                _ptclear
 .text          0x81002970       0x78 binaries/ptcount.o
                0x81002970                ptcount
 .text          0x810029e8       0xdc binaries/ptcreate.o
                0x810029e8                ptcreate
 .text          0x81002ac4       0x74 binaries/ptdelete.o
                0x81002ac4                ptdelete
 .text          0x81002b38       0xbc binaries/ptinit.o
                0x81002b38                ptinit
 .text          0x81002bf4       0xd0 binaries/ptrecv.o
                0x81002bf4                ptrecv
 .text          0x81002cc4       0x68 binaries/ptreset.o
                0x81002cc4                ptreset
 .text          0x81002d2c       0xf4 binaries/ptsend.o
                0x81002d2c                ptsend
 .text          0x81002e20       0x58 binaries/putc.o
                0x81002e20                putc
 .text          0x81002e78       0xf4 binaries/queue.o
                0x81002e78                enqueue
                0x81002f10                dequeue
 .text          0x81002f6c       0x60 binaries/read.o
                0x81002f6c                read
 .text          0x81002fcc       0x74 binaries/ready.o
                0x81002fcc                ready
 .text          0x81003040       0x9c binaries/receive.o
                0x81003040                receive
                0x810030d4                receivecallback
 .text          0x810030dc       0x88 binaries/recvclr.o
                0x810030dc                recvclr
 .text          0x81003164       0xb0 binaries/recvtime.o
                0x81003164                recvtime
 .text          0x81003214      0x1ac binaries/resched.o
                0x81003214                resched
                0x81003304                resched_cntl
 .text          0x810033c0       0x90 binaries/resume.o
                0x810033c0                resume
 .text          0x81003450        0xc binaries/rw.o
                0x81003450                read_lock
                0x81003454                write_lock
                0x81003458                create_lock
 .text          0x8100345c       0x58 binaries/seek.o
                0x8100345c                seek
 .text          0x810034b4       0x58 binaries/semcount.o
                0x810034b4                semcount
 .text          0x8100350c       0xb8 binaries/semcreate.o
                0x8100350c                semcreate
 .text          0x810035c4       0xac binaries/semdelete.o
                0x810035c4                semdelete
 .text          0x81003670       0xa4 binaries/semreset.o
                0x81003670                semreset
 .text          0x81003714      0x284 binaries/send.o
                0x81003714                send
                0x810037d4                sendblk
                0x810038b0                sendcb
 .text          0x81003998       0x80 binaries/signal.o
                0x81003998                signal
 .text          0x81003a18       0xb0 binaries/signaln.o
                0x81003a18                signaln
 .text          0x81003ac8       0xcc binaries/sleep.o
                0x81003ac8                sleepms
                0x81003b64                sleep
 .text          0x81003b94       0xbc binaries/suspend.o
                0x81003b94                suspend
 .text          0x81003c50       0xb8 binaries/unsleep.o
                0x81003c50                unsleep
 .text          0x81003d08       0x50 binaries/uprintf.o
                0x81003d08                uprintf
 .text          0x81003d58       0x10 binaries/userret.o
                0x81003d58                userret
 .text          0x81003d68       0xac binaries/wait.o
                0x81003d68                wait
 .text          0x81003e14       0xa0 binaries/wakeup.o
                0x81003e14                wakeup
 .text          0x81003eb4       0x60 binaries/write.o
                0x81003eb4                write
 .text          0x81003f14       0x18 binaries/xdone.o
                0x81003f14                xdone
 .text          0x81003f2c       0x20 binaries/yield.o
                0x81003f2c                yield
 .text          0x81003f4c        0xc binaries/abs.o
                0x81003f4c                abs
 .text          0x81003f58      0x114 binaries/atoi.o
                0x81003f58                atoi
 .text          0x8100406c      0x114 binaries/atol.o
                0x8100406c                atol
 .text          0x81004180       0x20 binaries/bzero.o
                0x81004180                bzero
 .text          0x810041a0        0x0 binaries/ctype_.o
 .text          0x810041a0      0xa34 binaries/doprnt.o
                0x810043c0                _doprnt
 .text          0x81004bd4      0x704 binaries/doscan.o
                0x81004bd4                _doscan
 .text          0x810052d8      0x898 binaries/fdoprnt.o
                0x81005384                _fdoprnt
 .text          0x81005b70       0x14 binaries/fgetc.o
                0x81005b70                fgetc
 .text          0x81005b84       0x84 binaries/fgets.o
                0x81005b84                fgets
 .text          0x81005c08       0x3c binaries/fprintf.o
                0x81005c08                fprintf
 .text          0x81005c44       0x24 binaries/fputc.o
                0x81005c44                fputc
 .text          0x81005c68       0x38 binaries/fputs.o
                0x81005c68                fputs
 .text          0x81005ca0       0x78 binaries/fscanf.o
                0x81005cd4                fscanf
 .text          0x81005d18       0x2c binaries/getchar.o
                0x81005d18                getchar
 .text          0x81005d44        0xc binaries/labs.o
                0x81005d44                labs
 .text          0x81005d50        0x0 binaries/memchr.o
 .text          0x81005d50       0x60 binaries/memcmp.o
                0x81005d50                memcmp
 .text          0x81005db0       0x24 binaries/memcpy.o
                0x81005db0                memcpy
 .text          0x81005dd4       0x20 binaries/memset.o
                0x81005dd4                memset
 .text          0x81005df4       0x58 binaries/printf.o
                0x81005df4                printf
 .text          0x81005e4c       0x2c binaries/putchar.o
                0x81005e4c                putchar
 .text          0x81005e78      0x254 binaries/qsort.o
                0x810060ac                qsort
 .text          0x810060cc       0x7c binaries/rand.o
                0x810060cc                rand
                0x81006104                rand_r
                0x81006138                srand
 .text          0x81006148       0x68 binaries/sprintf.o
                0x81006160                sprintf
 .text          0x810061b0       0x78 binaries/sscanf.o
                0x810061e4                sscanf
 .text          0x81006228       0x48 binaries/strchr.o
                0x81006228                strchr
 .text          0x81006270       0x54 binaries/strcmp.o
                0x81006270                strcmp
 .text          0x810062c4       0x18 binaries/strcpy.o
                0x810062c4                strcpy
 .text          0x810062dc       0x30 binaries/strlen.o
                0x810062dc                strlen
 .text          0x8100630c       0x50 binaries/strncat.o
                0x8100630c                strncat
 .text          0x8100635c       0x54 binaries/strncmp.o
                0x8100635c                strncmp
 .text          0x810063b0       0x80 binaries/strncpy.o
                0x810063b0                strncpy
 .text          0x81006430       0x48 binaries/strnlen.o
                0x81006430                strnlen
 .text          0x81006478       0x58 binaries/strrchr.o
                0x81006478                strrchr
 .text          0x810064d0       0xb0 binaries/strstr.o
                0x810064d0                strstr
 .text          0x81006580       0xc8 binaries/ttycontrol.o
                0x81006580                ttycontrol
 .text          0x81006648       0x6c binaries/ttygetc.o
                0x81006648                ttygetc
 .text          0x810066b4      0x4e0 binaries/ttyhandle_in.o
                0x81006780                ttyhandle_in
 .text          0x81006b94      0x14c binaries/ttyhandle_out.o
                0x81006b94                ttyhandle_out
 .text          0x81006ce0       0xc8 binaries/ttyhandler.o
                0x81006ce0                ttyhandler
 .text          0x81006da8      0x120 binaries/ttyinit.o
                0x81006da8                ttyinit
 .text          0x81006ec8        0xc binaries/ttykickout.o
                0x81006ec8                ttykickout
 .text          0x81006ed4       0x78 binaries/ttyputc.o
                0x81006ed4                ttyputc
 .text          0x81006f4c      0x110 binaries/ttyread.o
                0x81006f4c                ttyread
 .text          0x8100705c       0x4c binaries/ttywrite.o
                0x8100705c                ttywrite
 .text          0x810070a8      0x134 binaries/mount.o
                0x810070a8                namlen
                0x810070fc                mount
 .text          0x810071dc      0x1c8 binaries/naminit.o
                0x810071dc                naminit
 .text          0x810073a4      0x238 binaries/nammap.o
                0x810073a4                namrepl
                0x810074dc                namcpy
                0x81007538                nammap
 .text          0x810075dc       0x40 binaries/namopen.o
                0x810075dc                namopen
 .text          0x8100761c       0x40 binaries/ethcontrol.o
                0x8100761c                ethcontrol
 .text          0x8100765c      0x178 binaries/ethhandler.o
                0x8100765c                ethhandler
 .text          0x810077d4      0x734 binaries/ethinit.o
                0x810077d4                eth_phy_read
                0x81007844                eth_phy_write
                0x8100789c                eth_phy_reset
                0x81007a0c                ethinit
 .text          0x81007f08       0xd8 binaries/ethread.o
                0x81007f08                ethread
 .text          0x81007fe0       0xf0 binaries/ethwrite.o
                0x81007fe0                ethwrite
 .text          0x810080d0       0x90 binaries/rdsbufalloc.o
                0x810080d0                rdsbufalloc
 .text          0x81008160       0xa0 binaries/rdsclose.o
                0x81008160                rdsclose
 .text          0x81008200      0x20c binaries/rdscomm.o
                0x81008200                rdscomm
 .text          0x8100840c      0x1a0 binaries/rdscontrol.o
                0x8100840c                rdscontrol
 .text          0x810085ac      0x180 binaries/rdsinit.o
                0x810085ac                rdsinit
 .text          0x8100872c      0x134 binaries/rdsopen.o
                0x8100872c                rdsopen
 .text          0x81008860      0x304 binaries/rdsprocess.o
                0x81008860                rdsprocess
 .text          0x81008b64      0x210 binaries/rdsread.o
                0x81008b64                rdsread
 .text          0x81008d74      0x184 binaries/rdswrite.o
                0x81008d74                rdswrite
 .text          0x81008ef8        0x8 binaries/ramclose.o
                0x81008ef8                ramclose
 .text          0x81008f00       0x3c binaries/raminit.o
                0x81008f00                raminit
 .text          0x81008f3c        0x8 binaries/ramopen.o
                0x81008f3c                ramopen
 .text          0x81008f44       0x24 binaries/ramread.o
                0x81008f44                ramread
 .text          0x81008f68       0x20 binaries/ramwrite.o
                0x81008f68                ramwrite
 .text          0x81008f88       0x94 binaries/lfdballoc.o
                0x81008f88                lfdballoc
 .text          0x8100901c       0x4c binaries/lfdbfree.o
                0x8100901c                lfdbfree
 .text          0x81009068       0xb8 binaries/lfflush.o
                0x81009068                lfflush
 .text          0x81009120       0xc8 binaries/lfgetmode.o
                0x81009120                lfgetmode
 .text          0x810091e8       0x6c binaries/lfiballoc.o
                0x810091e8                lfiballoc
 .text          0x81009254       0x30 binaries/lfibclear.o
                0x81009254                lfibclear
 .text          0x81009284       0x64 binaries/lfibget.o
                0x81009284                lfibget
 .text          0x810092e8       0x8c binaries/lfibput.o
                0x810092e8                lfibput
 .text          0x81009374       0x84 binaries/lflclose.o
                0x81009374                lflclose
 .text          0x810093f8       0xa0 binaries/lflcontrol.o
                0x810093f8                lflcontrol
 .text          0x81009498       0xa8 binaries/lflgetc.o
                0x81009498                lflgetc
 .text          0x81009540       0xa8 binaries/lflinit.o
                0x81009540                lflinit
 .text          0x810095e8       0xdc binaries/lflputc.o
                0x810095e8                lflputc
 .text          0x810096c4       0x78 binaries/lflread.o
                0x810096c4                lflread
 .text          0x8100973c       0x80 binaries/lflseek.o
                0x8100973c                lflseek
 .text          0x810097bc       0x5c binaries/lflwrite.o
                0x810097bc                lflwrite
 .text          0x81009818       0xa0 binaries/lfscheck.o
                0x81009818                lfscheck
 .text          0x810098b8      0x144 binaries/lfsckfmt.o
                0x810098b8                lfsckfmt
 .text          0x810099fc      0x15c binaries/lfscreate.o
                0x810099fc                lfscreate
 .text          0x81009b58      0x1f0 binaries/lfsetup.o
                0x81009b58                lfsetup
 .text          0x81009d48       0x44 binaries/lfsinit.o
                0x81009d48                lfsinit
 .text          0x81009d8c      0x358 binaries/lfsopen.o
                0x81009d8c                lfsopen
 .text          0x8100a0e4      0x108 binaries/lftruncate.o
                0x8100a0e4                lftruncate
 .text          0x8100a1ec       0x70 binaries/rflclose.o
                0x8100a1ec                rflclose
 .text          0x8100a25c       0x28 binaries/rflgetc.o
                0x8100a25c                rflgetc
 .text          0x8100a284       0x54 binaries/rflinit.o
                0x8100a284                rflinit
 .text          0x8100a2d8       0x30 binaries/rflputc.o
                0x8100a2d8                rflputc
 .text          0x8100a308      0x28c binaries/rflread.o
                0x8100a308                rflread
 .text          0x8100a594       0x74 binaries/rflseek.o
                0x8100a594                rflseek
 .text          0x8100a608      0x2c8 binaries/rflwrite.o
                0x8100a608                rflwrite
 .text          0x8100a8d0      0x198 binaries/rfscomm.o
                0x8100a8d0                rfscomm
 .text          0x8100aa68      0x21c binaries/rfscontrol.o
                0x8100aa68                rfscontrol
 .text          0x8100ac84       0xc8 binaries/rfsgetmode.o
                0x8100ac84                rfsgetmode
 .text          0x8100ad4c       0x84 binaries/rfsinit.o
                0x8100ad4c                rfsinit
 .text          0x8100add0       0xa4 binaries/rfsndmsg.o
                0x8100add0                rfsndmsg
 .text          0x8100ae74      0x22c binaries/rfsopen.o
                0x8100ae74                rfsopen
 .text          0x8100b0a0       0x8c binaries/spicontrol.o
                0x8100b0a0                spicontrol
 .text          0x8100b12c       0xa8 binaries/spiinit.o
                0x8100b12c                spiinit
 .text          0x8100b1d4      0x19c binaries/gpiocontrol.o
                0x8100b1d4                gpiocontrol
 .text          0x8100b370      0x204 binaries/gpiohandler.o
                0x8100b370                gpiohandler
 .text          0x8100b574       0xe8 binaries/gpioinit.o
                0x8100b574                gpioinit
 .text          0x8100b65c       0x18 binaries/gpioread.o
                0x8100b65c                gpioread
 .text          0x8100b674       0x18 binaries/gpioselect.o
                0x8100b674                gpioselect
 .text          0x8100b68c       0x20 binaries/gpiowrite.o
                0x8100b68c                gpiowrite
 .text          0x8100b6ac      0x714 binaries/arp.o
                0x8100b6ac                arp_init
                0x8100b6cc                arp_alloc
                0x8100b7a0                arp_ntoh
                0x8100b844                arp_hton
                0x8100b8e8                arp_resolve
                0x8100bb4c                arp_in
 .text          0x8100bdc0      0x6b0 binaries/dhcp.o
                0x8100bdc0                dhcp_get_opt_val
                0x8100be20                dhcp_bld_bootp_msg
                0x8100bf18                dhcp_bld_disc
                0x8100bf6c                dhcp_bld_req
                0x8100c030                getlocalip
 .text          0x8100c470      0x56c binaries/dns.o
                0x8100c558                dnslookup
 .text          0x8100c9dc      0x120 binaries/dot2ip.o
                0x8100c9dc                dot2ip
 .text          0x8100cafc      0x33c binaries/hexdump.o
                0x8100cafc                hexdump
                0x8100cc5c                hexadump
 .text          0x8100ce38      0x660 binaries/icmp.o
                0x8100ce38                icmp_init
                0x8100ce5c                icmp_register
                0x8100cf18                icmp_recv
                0x8100d068                icmp_mkpkt
                0x8100d158                icmp_in
                0x8100d2a4                icmp_send
                0x8100d314                icmp_release
                0x8100d3d0                icmp_cksum
                0x8100d430                icmp_hton
                0x8100d464                icmp_ntoh
 .text          0x8100d498      0x668 binaries/ip.o
                0x8100d498                ip_local
                0x8100d4c8                ipcksum
                0x8100d50c                ip_ntoh
                0x8100d5b0                ip_in
                0x8100d6e0                ip_hton
                0x8100d784                ip_out
                0x8100d838                ip_send
                0x8100d968                ipout
                0x8100da64                ip_enqueue
 .text          0x8100db00      0x228 binaries/net.o
                0x8100db00                net_init
                0x8100dc08                eth_hton
                0x8100dc1c                eth_ntoh
                0x8100dc30                netin
                0x8100dcd8                getport
 .text          0x8100dd28      0x9dc binaries/pdump.o
                0x8100dd28                pdump
                0x8100e2b4                pdumph
 .text          0x8100e704      0x56c binaries/tftp.o
                0x8100e704                tftp_send1
                0x8100e7f0                tftpget_mb
                0x8100ec3c                tftpget
 .text          0x8100ec70      0x890 binaries/udp.o
                0x8100ec70                udp_init
                0x8100ec98                udp_in
                0x8100ed84                udp_register
                0x8100ee80                udp_recv
                0x8100efb4                udp_recvaddr
                0x8100f104                udp_send
                0x8100f27c                udp_sendto
                0x8100f3dc                udp_release
                0x8100f498                udp_ntoh
                0x8100f4cc                udp_hton
 .text          0x8100f500      0x120 binaries/addargs.o
                0x8100f500                addargs
 .text          0x8100f620      0x2b4 binaries/lexan.o
                0x8100f620                lexan
 .text          0x8100f8d4      0x6ac binaries/shell.o
                0x8100f8d4                shell
 .text          0x8100ff80       0x64 binaries/xsh_argecho.o
                0x8100ff80                xsh_argecho
 .text          0x8100ffe4      0x1f8 binaries/xsh_arp.o
                0x8100ffe4                xsh_arp
 .text          0x810101dc      0x23c binaries/xsh_cat.o
                0x810101dc                xsh_cat
 .text          0x81010418       0x5c binaries/xsh_clear.o
                0x81010418                xsh_clear
 .text          0x81010474      0x29c binaries/xsh_date.o
                0x81010474                xsh_date
 .text          0x81010710       0x98 binaries/xsh_devdump.o
                0x81010710                xsh_devdump
 .text          0x810107a8       0x68 binaries/xsh_echo.o
                0x810107a8                xsh_echo
 .text          0x81010810        0x8 binaries/xsh_exit.o
                0x81010810                xsh_exit
 .text          0x81010818      0x3d0 binaries/xsh_help.o
                0x81010818                xsh_help
 .text          0x81010be8      0x1f8 binaries/xsh_kill.o
                0x81010be8                xsh_kill
 .text          0x81010de0      0x490 binaries/xsh_memdump.o
                0x81010edc                xsh_memdump
 .text          0x81011270      0x224 binaries/xsh_memstat.o
                0x81011270                xsh_memstat
 .text          0x81011494      0x3fc binaries/xsh_netinfo.o
                0x81011494                xsh_netinfo
 .text          0x81011890      0x3b0 binaries/xsh_ping.o
                0x81011890                xsh_ping
 .text          0x81011c40      0x220 binaries/xsh_ps.o
                0x81011c40                xsh_ps
 .text          0x81011e60      0x1cc binaries/xsh_sleep.o
                0x81011e60                xsh_sleep
 .text          0x8101202c      0x244 binaries/xsh_udpdump.o
                0x8101202c                xsh_udpdump
 .text          0x81012270      0x400 binaries/xsh_udpecho.o
                0x81012270                xsh_udpecho
 .text          0x81012670      0x254 binaries/xsh_udpserver.o
                0x81012670                xsh_udpeserver
 .text          0x810128c4      0x1ac binaries/xsh_uptime.o
                0x810128c4                xsh_uptime
 .text          0x81012a70       0x2c binaries/ctxsw.o
                0x81012a70                ctxsw
 .text          0x81012a9c      0x100 binaries/intr.o
                0x81012a9c                disable
                0x81012aa8                restore
                0x81012acc                enable
                0x81012ad4                pause
                0x81012ad4                halt
                0x81012adc                irq_except
                0x81012b0c                initevec
                0x81012b6c                expjmpinstr
 .text          0x81012b9c      0x114 ../cross_compiler/lib/gcc/arm-none-eabi/4.8.1//libgcc.a(_udivsi3.o)
                0x81012b9c                __udivsi3
                0x81012b9c                __aeabi_uidiv
                0x81012c90                __aeabi_uidivmod
 .text          0x81012cb0      0x148 ../cross_compiler/lib/gcc/arm-none-eabi/4.8.1//libgcc.a(_divsi3.o)
                0x81012cb0                __aeabi_idiv
                0x81012cb0                __divsi3
                0x81012dd8                __aeabi_idivmod
 .text          0x81012df8        0x4 ../cross_compiler/lib/gcc/arm-none-eabi/4.8.1//libgcc.a(_dvmd_tls.o)
                0x81012df8                __aeabi_ldiv0
                0x81012df8                __aeabi_idiv0
 .text          0x81012dfc      0x49c ../cross_compiler/lib/gcc/arm-none-eabi/4.8.1//libgcc.a(_arm_muldivdf3.o)
                0x81012dfc                __aeabi_dmul
                0x81012dfc                __muldf3
                0x8101308c                __aeabi_ddiv
                0x8101308c                __divdf3
 .text          0x81013298      0x144 ../cross_compiler/lib/gcc/arm-none-eabi/4.8.1//libgcc.a(_arm_cmpdf2.o)
                0x81013298                __gtdf2
                0x81013298                __gedf2
                0x810132a0                __ltdf2
                0x810132a0                __ledf2
                0x810132a8                __cmpdf2
                0x810132a8                __eqdf2
                0x810132a8                __nedf2
                0x81013330                __aeabi_cdrcmple
                0x8101334c                __aeabi_cdcmple
                0x8101334c                __aeabi_cdcmpeq
                0x81013364                __aeabi_dcmpeq
                0x8101337c                __aeabi_dcmplt
                0x81013394                __aeabi_dcmple
                0x810133ac                __aeabi_dcmpge
                0x810133c4                __aeabi_dcmpgt
 .text          0x810133dc       0x5c ../cross_compiler/lib/gcc/arm-none-eabi/4.8.1//libgcc.a(_arm_fixdfsi.o)
                0x810133dc                __fixdfsi
                0x810133dc                __aeabi_d2iz
 *(.rodata .rodata.*)
 .rodata.str1.4
                0x81013438       0x78 binaries/ascdate.o
 .rodata.str1.4
                0x810134b0       0xf9 binaries/conf.o
                                 0xfc (size before relaxing)
 *fill*         0x810135a9        0x3 
 .rodata.str1.4
                0x810135ac       0x61 binaries/getutime.o
                                 0x64 (size before relaxing)
 *fill*         0x8101360d        0x3 
 .rodata.str1.4
                0x81013610      0x18c binaries/initialize.o
                                0x190 (size before relaxing)
 .rodata.str1.4
                0x8101379c      0x383 binaries/main.o
                                0x384 (size before relaxing)
 *fill*         0x81013b1f        0x1 
 .rodata.str1.4
                0x81013b20        0xf binaries/panic.o
                                 0x10 (size before relaxing)
 *fill*         0x81013b2f        0x1 
 .rodata.str1.4
                0x81013b30       0x1d binaries/ptinit.o
                                 0x20 (size before relaxing)
 *fill*         0x81013b4d        0x3 
 .rodata.str1.4
                0x81013b50       0x25 binaries/ptsend.o
                                 0x28 (size before relaxing)
 *fill*         0x81013b75        0x3 
 .rodata.str1.4
                0x81013b78       0x27 binaries/xdone.o
                                 0x28 (size before relaxing)
 *fill*         0x81013b9f        0x1 
 .rodata        0x81013ba0       0x84 binaries/ctype_.o
                0x81013ba0                _ctype_
 .rodata.str1.4
                0x81013c24       0x2f binaries/doprnt.o
                                 0x30 (size before relaxing)
 .rodata.str1.4
                0x00000000       0x30 binaries/fdoprnt.o
 *fill*         0x81013c53        0x1 
 .rodata.str1.4
                0x81013c54       0x86 binaries/naminit.o
                                 0x90 (size before relaxing)
 *fill*         0x81013cda        0x2 
 .rodata.str1.4
                0x81013cdc       0xe5 binaries/ethinit.o
                                 0xe8 (size before relaxing)
 *fill*         0x81013dc1        0x3 
 .rodata.str1.4
                0x81013dc4       0x12 binaries/ethread.o
                                 0x14 (size before relaxing)
 *fill*         0x81013dd6        0x2 
 .rodata.str1.4
                0x81013dd8       0x2c binaries/rdsbufalloc.o
 .rodata.str1.4
                0x81013e04       0x76 binaries/rdscomm.o
                                 0x78 (size before relaxing)
 *fill*         0x81013e7a        0x2 
 .rodata.str1.4
                0x81013e7c       0x48 binaries/rdscontrol.o
 .rodata.str1.4
                0x81013ec4       0x96 binaries/rdsinit.o
                                 0x98 (size before relaxing)
 *fill*         0x81013f5a        0x2 
 .rodata.str1.4
                0x81013f5c       0x22 binaries/rdsopen.o
                                 0x24 (size before relaxing)
 *fill*         0x81013f7e        0x2 
 .rodata.str1.4
                0x81013f80       0x4d binaries/rdsprocess.o
                                 0x50 (size before relaxing)
 *fill*         0x81013fcd        0x3 
 .rodata.str1.4
                0x81013fd0        0x9 binaries/raminit.o
                                  0xc (size before relaxing)
 *fill*         0x81013fd9        0x3 
 .rodata.str1.4
                0x81013fdc       0x37 binaries/lfdballoc.o
                                 0x38 (size before relaxing)
 *fill*         0x81014013        0x1 
 .rodata.str1.4
                0x81014014       0x14 binaries/lfiballoc.o
 .rodata.str1.4
                0x81014028       0x23 binaries/lflcontrol.o
                                 0x24 (size before relaxing)
 *fill*         0x8101404b        0x1 
 .rodata.str1.4
                0x8101404c      0x11f binaries/lfsckfmt.o
                                0x120 (size before relaxing)
 *fill*         0x8101416b        0x1 
 .rodata.str1.4
                0x8101416c       0x2a binaries/lfsopen.o
                                 0x2c (size before relaxing)
 *fill*         0x81014196        0x2 
 .rodata.str1.4
                0x81014198       0x21 binaries/rflread.o
                                 0x24 (size before relaxing)
 .rodata.str1.4
                0x00000000       0x24 binaries/rflwrite.o
 *fill*         0x810141b9        0x3 
 .rodata.str1.4
                0x810141bc       0x75 binaries/rfscomm.o
                                 0x78 (size before relaxing)
 *fill*         0x81014231        0x3 
 .rodata.str1.4
                0x81014234       0x23 binaries/rfscontrol.o
                                 0x24 (size before relaxing)
 *fill*         0x81014257        0x1 
 .rodata.str1.4
                0x81014258       0x63 binaries/rfsinit.o
                                 0x64 (size before relaxing)
 *fill*         0x810142bb        0x1 
 .rodata.str1.4
                0x810142bc       0x2a binaries/rfsndmsg.o
                                 0x2c (size before relaxing)
 .rodata.str1.4
                0x00000000       0x24 binaries/rfsopen.o
 *fill*         0x810142e6        0x2 
 .rodata.str1.4
                0x810142e8       0x3d binaries/arp.o
                                 0x40 (size before relaxing)
 *fill*         0x81014325        0x3 
 .rodata.str1.4
                0x81014328       0xd3 binaries/dhcp.o
                                 0xd4 (size before relaxing)
 *fill*         0x810143fb        0x1 
 .rodata.str1.4
                0x810143fc       0x1a binaries/dns.o
                                 0x1c (size before relaxing)
 *fill*         0x81014416        0x2 
 .rodata.str1.4
                0x81014418       0xca binaries/hexdump.o
                                 0xd8 (size before relaxing)
 *fill*         0x810144e2        0x2 
 .rodata.str1.4
                0x810144e4       0x29 binaries/icmp.o
                                 0x2c (size before relaxing)
 *fill*         0x8101450d        0x3 
 .rodata.str1.4
                0x81014510       0x52 binaries/ip.o
                                 0x54 (size before relaxing)
 *fill*         0x81014562        0x2 
 .rodata.str1.4
                0x81014564       0x53 binaries/net.o
                                 0x54 (size before relaxing)
 *fill*         0x810145b7        0x1 
 .rodata.str1.4
                0x810145b8      0x292 binaries/pdump.o
                                0x298 (size before relaxing)
 *fill*         0x8101484a        0x2 
 .rodata.str1.4
                0x8101484c      0x154 binaries/tftp.o
                                0x158 (size before relaxing)
 .rodata        0x810149a0       0xfc binaries/shell.o
                0x810149a0                cmdtab
 .rodata.str1.4
                0x81014a9c      0x2e6 binaries/shell.o
                                0x2f0 (size before relaxing)
 *fill*         0x81014d82        0x2 
 .rodata.str1.4
                0x81014d84       0x29 binaries/xsh_argecho.o
                                 0x30 (size before relaxing)
 *fill*         0x81014dad        0x3 
 .rodata.str1.4
                0x81014db0      0x13e binaries/xsh_arp.o
                                0x144 (size before relaxing)
 *fill*         0x81014eee        0x2 
 .rodata.str1.4
                0x81014ef0       0x81 binaries/xsh_cat.o
                                 0xd4 (size before relaxing)
 *fill*         0x81014f71        0x3 
 .rodata.str1.4
                0x81014f74       0x19 binaries/xsh_clear.o
                                 0x1c (size before relaxing)
 *fill*         0x81014f8d        0x3 
 .rodata.str1.4
                0x81014f90      0x1af binaries/xsh_date.o
                                0x1cc (size before relaxing)
 *fill*         0x8101513f        0x1 
 .rodata.str1.4
                0x81015140       0x61 binaries/xsh_devdump.o
                                 0x64 (size before relaxing)
 *fill*         0x810151a1        0x3 
 .rodata.str1.4
                0x810151a4        0x8 binaries/xsh_echo.o
                                  0xc (size before relaxing)
 .rodata.str1.4
                0x810151ac       0xe7 binaries/xsh_help.o
                                0x17c (size before relaxing)
 *fill*         0x81015293        0x1 
 .rodata.str1.4
                0x81015294       0xc8 binaries/xsh_kill.o
                                0x138 (size before relaxing)
 .rodata.str1.4
                0x8101535c      0x226 binaries/xsh_memdump.o
                                0x27c (size before relaxing)
 *fill*         0x81015582        0x2 
 .rodata.str1.4
                0x81015584      0x1cc binaries/xsh_memstat.o
                                0x234 (size before relaxing)
 .rodata.str1.4
                0x81015750      0x10f binaries/xsh_netinfo.o
                                0x1cc (size before relaxing)
 *fill*         0x8101585f        0x1 
 .rodata.str1.4
                0x81015860      0x13f binaries/xsh_ping.o
                                0x1b4 (size before relaxing)
 *fill*         0x8101599f        0x1 
 .rodata        0x810159a0       0x20 binaries/xsh_ps.o
 .rodata.str1.4
                0x810159c0      0x11a binaries/xsh_ps.o
                                0x1d4 (size before relaxing)
 *fill*         0x81015ada        0x2 
 .rodata.str1.4
                0x81015adc       0x5e binaries/xsh_sleep.o
                                 0xf8 (size before relaxing)
 *fill*         0x81015b3a        0x2 
 .rodata        0x81015b3c        0xc binaries/xsh_udpdump.o
 .rodata.str1.4
                0x81015b48      0x122 binaries/xsh_udpdump.o
                                0x1e0 (size before relaxing)
 *fill*         0x81015c6a        0x2 
 .rodata.str1.4
                0x81015c6c      0x1ae binaries/xsh_udpecho.o
                                0x224 (size before relaxing)
 *fill*         0x81015e1a        0x2 
 .rodata.str1.4
                0x81015e1c       0x97 binaries/xsh_udpserver.o
                                0x13c (size before relaxing)
 *fill*         0x81015eb3        0x1 
 .rodata.str1.4
                0x81015eb4       0x78 binaries/xsh_uptime.o
                                0x114 (size before relaxing)
                0x81015f2c                etext = ABSOLUTE (.)
                0x81016000                . = ALIGN (0x1000)
 *fill*         0x81015f2c       0xd4 

.glue_7         0x81016000        0x0
 .glue_7        0x00000000        0x0 linker stubs

.glue_7t        0x81016000        0x0
 .glue_7t       0x00000000        0x0 linker stubs

.vfp11_veneer   0x81016000        0x0
 .vfp11_veneer  0x00000000        0x0 linker stubs

.v4_bx          0x81016000        0x0
 .v4_bx         0x00000000        0x0 linker stubs

.iplt           0x81016000        0x0
 .iplt          0x00000000        0x0 binaries/start.o

.rel.dyn        0x81016000        0x0
 .rel.iplt      0x00000000        0x0 binaries/start.o

.data           0x81016000     0x1000
                0x81016000                data = ABSOLUTE (.)
 *(.data .data.*)
 .data          0x81016000        0x0 binaries/start.o
 .data          0x81016000       0x88 binaries/ascdate.o
                0x81016000                Date
 .data          0x81016088        0x0 binaries/bufinit.o
 .data          0x81016088        0x0 binaries/chprio.o
 .data          0x81016088        0x0 binaries/clkhandler.o
 .data          0x81016088        0x0 binaries/clkinit.o
 .data          0x81016088        0x0 binaries/close.o
 .data          0x81016088      0x708 binaries/conf.o
                0x81016088                devtab
 .data          0x81016790        0x0 binaries/control.o
 .data          0x81016790        0x4 binaries/create.o
 .data          0x81016794       0x40 binaries/evec.o
                0x81016794                expmsg2
                0x810167a8                expmsg1
 .data          0x810167d4        0x0 binaries/exit.o
 .data          0x810167d4        0x0 binaries/freebuf.o
 .data          0x810167d4        0x0 binaries/freemem.o
 .data          0x810167d4        0x0 binaries/getbuf.o
 .data          0x810167d4        0x0 binaries/getc.o
 .data          0x810167d4        0x0 binaries/getdev.o
 .data          0x810167d4        0x0 binaries/getitem.o
 .data          0x810167d4        0x0 binaries/getmem.o
 .data          0x810167d4        0x0 binaries/getpid.o
 .data          0x810167d4        0x0 binaries/getprio.o
 .data          0x810167d4        0x0 binaries/getstk.o
 .data          0x810167d4        0x0 binaries/getticks.o
 .data          0x810167d4        0x0 binaries/gettime.o
 .data          0x810167d4        0x0 binaries/getutime.o
 .data          0x810167d4        0x0 binaries/init.o
 .data          0x810167d4        0x0 binaries/initialize.o
 .data          0x810167d4        0x0 binaries/insert.o
 .data          0x810167d4        0x0 binaries/insertd.o
 .data          0x810167d4        0x0 binaries/ioerr.o
 .data          0x810167d4        0x0 binaries/ionull.o
 .data          0x810167d4        0x0 binaries/kill.o
 .data          0x810167d4        0x0 binaries/kprintf.o
 .data          0x810167d4        0x4 binaries/main.o
                0x810167d4                test4_retcode
 .data          0x810167d8        0x0 binaries/mark.o
 .data          0x810167d8        0x0 binaries/meminit.o
 .data          0x810167d8        0x0 binaries/mkbufpool.o
 .data          0x810167d8        0x2 binaries/newqueue.o
 .data          0x810167da        0x0 binaries/open.o
 .data          0x810167da        0x0 binaries/panic.o
 .data          0x810167da        0x0 binaries/platinit.o
 .data          0x810167da        0x0 binaries/ptclear.o
 .data          0x810167da        0x0 binaries/ptcount.o
 .data          0x810167da        0x0 binaries/ptcreate.o
 .data          0x810167da        0x0 binaries/ptdelete.o
 .data          0x810167da        0x0 binaries/ptinit.o
 .data          0x810167da        0x0 binaries/ptrecv.o
 .data          0x810167da        0x0 binaries/ptreset.o
 .data          0x810167da        0x0 binaries/ptsend.o
 .data          0x810167da        0x0 binaries/putc.o
 .data          0x810167da        0x0 binaries/queue.o
 .data          0x810167da        0x0 binaries/read.o
 .data          0x810167da        0x0 binaries/ready.o
 .data          0x810167da        0x0 binaries/receive.o
 .data          0x810167da        0x0 binaries/recvclr.o
 .data          0x810167da        0x0 binaries/recvtime.o
 .data          0x810167da        0x0 binaries/resched.o
 .data          0x810167da        0x0 binaries/resume.o
 .data          0x810167da        0x0 binaries/rw.o
 .data          0x810167da        0x0 binaries/seek.o
 .data          0x810167da        0x0 binaries/semcount.o
 .data          0x810167da        0x0 binaries/semcreate.o
 .data          0x810167da        0x0 binaries/semdelete.o
 .data          0x810167da        0x0 binaries/semreset.o
 .data          0x810167da        0x0 binaries/send.o
 .data          0x810167da        0x0 binaries/signal.o
 .data          0x810167da        0x0 binaries/signaln.o
 .data          0x810167da        0x0 binaries/sleep.o
 .data          0x810167da        0x0 binaries/suspend.o
 .data          0x810167da        0x0 binaries/unsleep.o
 .data          0x810167da        0x0 binaries/uprintf.o
 .data          0x810167da        0x0 binaries/userret.o
 .data          0x810167da        0x0 binaries/wait.o
 .data          0x810167da        0x0 binaries/wakeup.o
 .data          0x810167da        0x0 binaries/write.o
 .data          0x810167da        0x0 binaries/xdone.o
 .data          0x810167da        0x0 binaries/yield.o
 .data          0x810167da        0x0 binaries/abs.o
 .data          0x810167da        0x0 binaries/atoi.o
 .data          0x810167da        0x0 binaries/atol.o
 .data          0x810167da        0x0 binaries/bzero.o
 .data          0x810167da        0x0 binaries/ctype_.o
 .data          0x810167da        0x0 binaries/doprnt.o
 *fill*         0x810167da        0x2 
 .data          0x810167dc       0x80 binaries/doscan.o
                0x810167dc                _sctab
 .data          0x8101685c        0x0 binaries/fdoprnt.o
 .data          0x8101685c        0x0 binaries/fgetc.o
 .data          0x8101685c        0x0 binaries/fgets.o
 .data          0x8101685c        0x0 binaries/fprintf.o
 .data          0x8101685c        0x0 binaries/fputc.o
 .data          0x8101685c        0x0 binaries/fputs.o
 .data          0x8101685c        0x0 binaries/fscanf.o
 .data          0x8101685c        0x0 binaries/getchar.o
 .data          0x8101685c        0x0 binaries/labs.o
 .data          0x8101685c        0x0 binaries/memchr.o
 .data          0x8101685c        0x0 binaries/memcmp.o
 .data          0x8101685c        0x0 binaries/memcpy.o
 .data          0x8101685c        0x0 binaries/memset.o
 .data          0x8101685c        0x0 binaries/printf.o
 .data          0x8101685c        0x0 binaries/putchar.o
 .data          0x8101685c        0x0 binaries/qsort.o
 .data          0x8101685c        0x4 binaries/rand.o
 .data          0x81016860        0x0 binaries/sprintf.o
 .data          0x81016860        0x0 binaries/sscanf.o
 .data          0x81016860        0x0 binaries/strchr.o
 .data          0x81016860        0x0 binaries/strcmp.o
 .data          0x81016860        0x0 binaries/strcpy.o
 .data          0x81016860        0x0 binaries/strlen.o
 .data          0x81016860        0x0 binaries/strncat.o
 .data          0x81016860        0x0 binaries/strncmp.o
 .data          0x81016860        0x0 binaries/strncpy.o
 .data          0x81016860        0x0 binaries/strnlen.o
 .data          0x81016860        0x0 binaries/strrchr.o
 .data          0x81016860        0x0 binaries/strstr.o
 .data          0x81016860        0x0 binaries/ttycontrol.o
 .data          0x81016860        0x0 binaries/ttygetc.o
 .data          0x81016860        0x0 binaries/ttyhandle_in.o
 .data          0x81016860        0x0 binaries/ttyhandle_out.o
 .data          0x81016860        0x0 binaries/ttyhandler.o
 .data          0x81016860        0x0 binaries/ttyinit.o
 .data          0x81016860        0x0 binaries/ttykickout.o
 .data          0x81016860        0x0 binaries/ttyputc.o
 .data          0x81016860        0x0 binaries/ttyread.o
 .data          0x81016860        0x0 binaries/ttywrite.o
 .data          0x81016860        0x0 binaries/mount.o
 .data          0x81016860        0x0 binaries/naminit.o
 .data          0x81016860        0x0 binaries/nammap.o
 .data          0x81016860        0x0 binaries/namopen.o
 .data          0x81016860        0x0 binaries/ethcontrol.o
 .data          0x81016860        0x0 binaries/ethhandler.o
 .data          0x81016860        0x0 binaries/ethinit.o
 .data          0x81016860        0x0 binaries/ethread.o
 .data          0x81016860        0x0 binaries/ethwrite.o
 .data          0x81016860        0x0 binaries/rdsbufalloc.o
 .data          0x81016860        0x0 binaries/rdsclose.o
 .data          0x81016860        0x0 binaries/rdscomm.o
 .data          0x81016860        0x0 binaries/rdscontrol.o
 .data          0x81016860        0x0 binaries/rdsinit.o
 .data          0x81016860        0x0 binaries/rdsopen.o
 .data          0x81016860        0x0 binaries/rdsprocess.o
 .data          0x81016860        0x0 binaries/rdsread.o
 .data          0x81016860        0x0 binaries/rdswrite.o
 .data          0x81016860        0x0 binaries/ramclose.o
 .data          0x81016860        0x0 binaries/raminit.o
 .data          0x81016860        0x0 binaries/ramopen.o
 .data          0x81016860        0x0 binaries/ramread.o
 .data          0x81016860        0x0 binaries/ramwrite.o
 .data          0x81016860        0x0 binaries/lfdballoc.o
 .data          0x81016860        0x0 binaries/lfdbfree.o
 .data          0x81016860        0x0 binaries/lfflush.o
 .data          0x81016860        0x0 binaries/lfgetmode.o
 .data          0x81016860        0x0 binaries/lfiballoc.o
 .data          0x81016860        0x0 binaries/lfibclear.o
 .data          0x81016860        0x0 binaries/lfibget.o
 .data          0x81016860        0x0 binaries/lfibput.o
 .data          0x81016860        0x0 binaries/lflclose.o
 .data          0x81016860        0x0 binaries/lflcontrol.o
 .data          0x81016860        0x0 binaries/lflgetc.o
 .data          0x81016860        0x0 binaries/lflinit.o
 .data          0x81016860        0x0 binaries/lflputc.o
 .data          0x81016860        0x0 binaries/lflread.o
 .data          0x81016860        0x0 binaries/lflseek.o
 .data          0x81016860        0x0 binaries/lflwrite.o
 .data          0x81016860        0x0 binaries/lfscheck.o
 .data          0x81016860        0x0 binaries/lfsckfmt.o
 .data          0x81016860        0x0 binaries/lfscreate.o
 .data          0x81016860        0x0 binaries/lfsetup.o
 .data          0x81016860        0x0 binaries/lfsinit.o
 .data          0x81016860        0x0 binaries/lfsopen.o
 .data          0x81016860        0x0 binaries/lftruncate.o
 .data          0x81016860        0x0 binaries/rflclose.o
 .data          0x81016860        0x0 binaries/rflgetc.o
 .data          0x81016860        0x0 binaries/rflinit.o
 .data          0x81016860        0x0 binaries/rflputc.o
 .data          0x81016860        0x0 binaries/rflread.o
 .data          0x81016860        0x0 binaries/rflseek.o
 .data          0x81016860        0x0 binaries/rflwrite.o
 .data          0x81016860        0x0 binaries/rfscomm.o
 .data          0x81016860        0x0 binaries/rfscontrol.o
 .data          0x81016860        0x0 binaries/rfsgetmode.o
 .data          0x81016860        0x0 binaries/rfsinit.o
 .data          0x81016860        0x0 binaries/rfsndmsg.o
 .data          0x81016860        0x0 binaries/rfsopen.o
 .data          0x81016860        0x0 binaries/spicontrol.o
 .data          0x81016860        0x0 binaries/spiinit.o
 .data          0x81016860        0x0 binaries/gpiocontrol.o
 .data          0x81016860        0x0 binaries/gpiohandler.o
 .data          0x81016860        0x0 binaries/gpioinit.o
 .data          0x81016860        0x0 binaries/gpioread.o
 .data          0x81016860        0x0 binaries/gpioselect.o
 .data          0x81016860        0x0 binaries/gpiowrite.o
 .data          0x81016860        0x0 binaries/arp.o
 .data          0x81016860        0x0 binaries/dhcp.o
 .data          0x81016860        0x0 binaries/dns.o
 .data          0x81016860        0x0 binaries/dot2ip.o
 .data          0x81016860        0x0 binaries/hexdump.o
 .data          0x81016860        0x4 binaries/icmp.o
 .data          0x81016864        0x0 binaries/ip.o
 .data          0x81016864        0x0 binaries/net.o
 .data          0x81016864        0x0 binaries/pdump.o
 .data          0x81016864        0x0 binaries/tftp.o
 .data          0x81016864        0x4 binaries/udp.o
 .data          0x81016868        0x0 binaries/addargs.o
 .data          0x81016868        0x0 binaries/lexan.o
 .data          0x81016868        0x4 binaries/shell.o
                0x81016868                ncmd
 .data          0x8101686c        0x0 binaries/xsh_argecho.o
 .data          0x8101686c        0x0 binaries/xsh_arp.o
 .data          0x8101686c        0x0 binaries/xsh_cat.o
 .data          0x8101686c        0x0 binaries/xsh_clear.o
 .data          0x8101686c        0x0 binaries/xsh_date.o
 .data          0x8101686c        0x0 binaries/xsh_devdump.o
 .data          0x8101686c        0x0 binaries/xsh_echo.o
 .data          0x8101686c        0x0 binaries/xsh_exit.o
 .data          0x8101686c        0x0 binaries/xsh_help.o
 .data          0x8101686c        0x0 binaries/xsh_kill.o
 .data          0x8101686c        0x0 binaries/xsh_memdump.o
 .data          0x8101686c        0x0 binaries/xsh_memstat.o
 .data          0x8101686c        0x0 binaries/xsh_netinfo.o
 .data          0x8101686c        0x0 binaries/xsh_ping.o
 .data          0x8101686c        0x0 binaries/xsh_ps.o
 .data          0x8101686c        0x0 binaries/xsh_sleep.o
 .data          0x8101686c        0x0 binaries/xsh_udpdump.o
 .data          0x8101686c        0x0 binaries/xsh_udpecho.o
 .data          0x8101686c        0x0 binaries/xsh_udpserver.o
 .data          0x8101686c        0x0 binaries/xsh_uptime.o
 .data          0x8101686c        0x0 binaries/ctxsw.o
 .data          0x8101686c        0x0 binaries/intr.o
 .data          0x8101686c        0x0 ../cross_compiler/lib/gcc/arm-none-eabi/4.8.1//libgcc.a(_udivsi3.o)
 .data          0x8101686c        0x0 ../cross_compiler/lib/gcc/arm-none-eabi/4.8.1//libgcc.a(_divsi3.o)
 .data          0x8101686c        0x0 ../cross_compiler/lib/gcc/arm-none-eabi/4.8.1//libgcc.a(_dvmd_tls.o)
 .data          0x8101686c        0x0 ../cross_compiler/lib/gcc/arm-none-eabi/4.8.1//libgcc.a(_arm_muldivdf3.o)
 .data          0x8101686c        0x0 ../cross_compiler/lib/gcc/arm-none-eabi/4.8.1//libgcc.a(_arm_cmpdf2.o)
 .data          0x8101686c        0x0 ../cross_compiler/lib/gcc/arm-none-eabi/4.8.1//libgcc.a(_arm_fixdfsi.o)
                0x8101686c                edata = ABSOLUTE (.)
                0x81017000                . = ALIGN (0x1000)
 *fill*         0x8101686c      0x794 

.igot.plt       0x81017000        0x0
 .igot.plt      0x00000000        0x0 binaries/start.o

.bss            0x81017000    0x20000
                0x81017000                bss = ABSOLUTE (.)
 *(.bss .bss.*)
 .bss           0x81017000        0x0 binaries/start.o
 .bss           0x81017000        0x0 binaries/ascdate.o
 .bss           0x81017000        0x0 binaries/bufinit.o
 .bss           0x81017000        0x0 binaries/chprio.o
 .bss           0x81017000        0x0 binaries/clkhandler.o
 .bss           0x81017000        0x0 binaries/clkinit.o
 .bss           0x81017000        0x0 binaries/close.o
 .bss           0x81017000        0x0 binaries/conf.o
 .bss           0x81017000        0x0 binaries/control.o
 .bss           0x81017000        0x0 binaries/create.o
 .bss           0x81017000        0x0 binaries/evec.o
 .bss           0x81017000        0x0 binaries/exit.o
 .bss           0x81017000        0x0 binaries/freebuf.o
 .bss           0x81017000        0x0 binaries/freemem.o
 .bss           0x81017000        0x0 binaries/getbuf.o
 .bss           0x81017000        0x0 binaries/getc.o
 .bss           0x81017000        0x0 binaries/getdev.o
 .bss           0x81017000        0x0 binaries/getitem.o
 .bss           0x81017000        0x0 binaries/getmem.o
 .bss           0x81017000        0x0 binaries/getpid.o
 .bss           0x81017000        0x0 binaries/getprio.o
 .bss           0x81017000        0x0 binaries/getstk.o
 .bss           0x81017000        0x0 binaries/getticks.o
 .bss           0x81017000        0x0 binaries/gettime.o
 .bss           0x81017000        0x0 binaries/getutime.o
 .bss           0x81017000        0x0 binaries/init.o
 .bss           0x81017000        0x0 binaries/initialize.o
 .bss           0x81017000        0x0 binaries/insert.o
 .bss           0x81017000        0x0 binaries/insertd.o
 .bss           0x81017000        0x0 binaries/ioerr.o
 .bss           0x81017000        0x0 binaries/ionull.o
 .bss           0x81017000        0x0 binaries/kill.o
 .bss           0x81017000        0x0 binaries/kprintf.o
 .bss           0x81017000        0x1 binaries/main.o
                0x81017000                test5_passed
 .bss           0x81017001        0x0 binaries/mark.o
 .bss           0x81017001        0x0 binaries/meminit.o
 .bss           0x81017001        0x0 binaries/mkbufpool.o
 .bss           0x81017001        0x0 binaries/newqueue.o
 .bss           0x81017001        0x0 binaries/open.o
 .bss           0x81017001        0x0 binaries/panic.o
 .bss           0x81017001        0x0 binaries/platinit.o
 .bss           0x81017001        0x0 binaries/ptclear.o
 .bss           0x81017001        0x0 binaries/ptcount.o
 .bss           0x81017001        0x0 binaries/ptcreate.o
 .bss           0x81017001        0x0 binaries/ptdelete.o
 .bss           0x81017001        0x0 binaries/ptinit.o
 .bss           0x81017001        0x0 binaries/ptrecv.o
 .bss           0x81017001        0x0 binaries/ptreset.o
 .bss           0x81017001        0x0 binaries/ptsend.o
 .bss           0x81017001        0x0 binaries/putc.o
 .bss           0x81017001        0x0 binaries/queue.o
 .bss           0x81017001        0x0 binaries/read.o
 .bss           0x81017001        0x0 binaries/ready.o
 .bss           0x81017001        0x0 binaries/receive.o
 .bss           0x81017001        0x0 binaries/recvclr.o
 .bss           0x81017001        0x0 binaries/recvtime.o
 .bss           0x81017001        0x0 binaries/resched.o
 .bss           0x81017001        0x0 binaries/resume.o
 .bss           0x81017001        0x0 binaries/rw.o
 .bss           0x81017001        0x0 binaries/seek.o
 .bss           0x81017001        0x0 binaries/semcount.o
 *fill*         0x81017001        0x3 
 .bss           0x81017004        0x4 binaries/semcreate.o
 .bss           0x81017008        0x0 binaries/semdelete.o
 .bss           0x81017008        0x0 binaries/semreset.o
 .bss           0x81017008        0x0 binaries/send.o
 .bss           0x81017008        0x0 binaries/signal.o
 .bss           0x81017008        0x0 binaries/signaln.o
 .bss           0x81017008        0x0 binaries/sleep.o
 .bss           0x81017008        0x0 binaries/suspend.o
 .bss           0x81017008        0x0 binaries/unsleep.o
 .bss           0x81017008        0x0 binaries/uprintf.o
 .bss           0x81017008        0x0 binaries/userret.o
 .bss           0x81017008        0x0 binaries/wait.o
 .bss           0x81017008        0x0 binaries/wakeup.o
 .bss           0x81017008        0x0 binaries/write.o
 .bss           0x81017008        0x0 binaries/xdone.o
 .bss           0x81017008        0x0 binaries/yield.o
 .bss           0x81017008        0x0 binaries/abs.o
 .bss           0x81017008        0x0 binaries/atoi.o
 .bss           0x81017008        0x0 binaries/atol.o
 .bss           0x81017008        0x0 binaries/bzero.o
 .bss           0x81017008        0x0 binaries/ctype_.o
 .bss           0x81017008        0x0 binaries/doprnt.o
 .bss           0x81017008        0x0 binaries/doscan.o
 .bss           0x81017008        0x0 binaries/fdoprnt.o
 .bss           0x81017008        0x0 binaries/fgetc.o
 .bss           0x81017008        0x0 binaries/fgets.o
 .bss           0x81017008        0x0 binaries/fprintf.o
 .bss           0x81017008        0x0 binaries/fputc.o
 .bss           0x81017008        0x0 binaries/fputs.o
 .bss           0x81017008        0x0 binaries/fscanf.o
 .bss           0x81017008        0x0 binaries/getchar.o
 .bss           0x81017008        0x0 binaries/labs.o
 .bss           0x81017008        0x0 binaries/memchr.o
 .bss           0x81017008        0x0 binaries/memcmp.o
 .bss           0x81017008        0x0 binaries/memcpy.o
 .bss           0x81017008        0x0 binaries/memset.o
 .bss           0x81017008        0x0 binaries/printf.o
 .bss           0x81017008        0x0 binaries/putchar.o
 .bss           0x81017008        0x8 binaries/qsort.o
 .bss           0x81017010        0x0 binaries/rand.o
 .bss           0x81017010        0x0 binaries/sprintf.o
 .bss           0x81017010        0x0 binaries/sscanf.o
 .bss           0x81017010        0x0 binaries/strchr.o
 .bss           0x81017010        0x0 binaries/strcmp.o
 .bss           0x81017010        0x0 binaries/strcpy.o
 .bss           0x81017010        0x0 binaries/strlen.o
 .bss           0x81017010        0x0 binaries/strncat.o
 .bss           0x81017010        0x0 binaries/strncmp.o
 .bss           0x81017010        0x0 binaries/strncpy.o
 .bss           0x81017010        0x0 binaries/strnlen.o
 .bss           0x81017010        0x0 binaries/strrchr.o
 .bss           0x81017010        0x0 binaries/strstr.o
 .bss           0x81017010        0x0 binaries/ttycontrol.o
 .bss           0x81017010        0x0 binaries/ttygetc.o
 .bss           0x81017010        0x0 binaries/ttyhandle_in.o
 .bss           0x81017010        0x0 binaries/ttyhandle_out.o
 .bss           0x81017010        0x0 binaries/ttyhandler.o
 .bss           0x81017010        0x0 binaries/ttyinit.o
 .bss           0x81017010        0x0 binaries/ttykickout.o
 .bss           0x81017010        0x0 binaries/ttyputc.o
 .bss           0x81017010        0x0 binaries/ttyread.o
 .bss           0x81017010        0x0 binaries/ttywrite.o
 .bss           0x81017010        0x0 binaries/mount.o
 .bss           0x81017010        0x0 binaries/naminit.o
 .bss           0x81017010        0x0 binaries/nammap.o
 .bss           0x81017010        0x0 binaries/namopen.o
 .bss           0x81017010        0x0 binaries/ethcontrol.o
 .bss           0x81017010        0x0 binaries/ethhandler.o
 .bss           0x81017010        0x0 binaries/ethinit.o
 .bss           0x81017010        0x0 binaries/ethread.o
 .bss           0x81017010        0x0 binaries/ethwrite.o
 .bss           0x81017010        0x0 binaries/rdsbufalloc.o
 .bss           0x81017010        0x0 binaries/rdsclose.o
 .bss           0x81017010        0x0 binaries/rdscomm.o
 .bss           0x81017010        0x0 binaries/rdscontrol.o
 .bss           0x81017010        0x0 binaries/rdsinit.o
 .bss           0x81017010        0x0 binaries/rdsopen.o
 .bss           0x81017010        0x0 binaries/rdsprocess.o
 .bss           0x81017010        0x0 binaries/rdsread.o
 .bss           0x81017010        0x0 binaries/rdswrite.o
 .bss           0x81017010        0x0 binaries/ramclose.o
 .bss           0x81017010        0x0 binaries/raminit.o
 .bss           0x81017010        0x0 binaries/ramopen.o
 .bss           0x81017010        0x0 binaries/ramread.o
 .bss           0x81017010        0x0 binaries/ramwrite.o
 .bss           0x81017010        0x0 binaries/lfdballoc.o
 .bss           0x81017010        0x0 binaries/lfdbfree.o
 .bss           0x81017010        0x0 binaries/lfflush.o
 .bss           0x81017010        0x0 binaries/lfgetmode.o
 .bss           0x81017010        0x0 binaries/lfiballoc.o
 .bss           0x81017010        0x0 binaries/lfibclear.o
 .bss           0x81017010        0x0 binaries/lfibget.o
 .bss           0x81017010        0x0 binaries/lfibput.o
 .bss           0x81017010        0x0 binaries/lflclose.o
 .bss           0x81017010        0x0 binaries/lflcontrol.o
 .bss           0x81017010        0x0 binaries/lflgetc.o
 .bss           0x81017010        0x0 binaries/lflinit.o
 .bss           0x81017010        0x0 binaries/lflputc.o
 .bss           0x81017010        0x0 binaries/lflread.o
 .bss           0x81017010        0x0 binaries/lflseek.o
 .bss           0x81017010        0x0 binaries/lflwrite.o
 .bss           0x81017010        0x0 binaries/lfscheck.o
 .bss           0x81017010        0x0 binaries/lfsckfmt.o
 .bss           0x81017010        0x0 binaries/lfscreate.o
 .bss           0x81017010        0x0 binaries/lfsetup.o
 .bss           0x81017010        0x0 binaries/lfsinit.o
 .bss           0x81017010        0x0 binaries/lfsopen.o
 .bss           0x81017010        0x0 binaries/lftruncate.o
 .bss           0x81017010        0x0 binaries/rflclose.o
 .bss           0x81017010        0x0 binaries/rflgetc.o
 .bss           0x81017010        0x0 binaries/rflinit.o
 .bss           0x81017010        0x0 binaries/rflputc.o
 .bss           0x81017010        0x0 binaries/rflread.o
 .bss           0x81017010        0x0 binaries/rflseek.o
 .bss           0x81017010        0x0 binaries/rflwrite.o
 .bss           0x81017010        0x0 binaries/rfscomm.o
 .bss           0x81017010        0x0 binaries/rfscontrol.o
 .bss           0x81017010        0x0 binaries/rfsgetmode.o
 .bss           0x81017010        0x0 binaries/rfsinit.o
 .bss           0x81017010        0x0 binaries/rfsndmsg.o
 .bss           0x81017010        0x0 binaries/rfsopen.o
 .bss           0x81017010        0x0 binaries/spicontrol.o
 .bss           0x81017010        0x0 binaries/spiinit.o
 .bss           0x81017010        0x0 binaries/gpiocontrol.o
 .bss           0x81017010        0x0 binaries/gpiohandler.o
 .bss           0x81017010        0x0 binaries/gpioinit.o
 .bss           0x81017010        0x0 binaries/gpioread.o
 .bss           0x81017010        0x0 binaries/gpioselect.o
 .bss           0x81017010        0x0 binaries/gpiowrite.o
 .bss           0x81017010        0x0 binaries/arp.o
 .bss           0x81017010        0x0 binaries/dhcp.o
 .bss           0x81017010        0x0 binaries/dns.o
 .bss           0x81017010        0x0 binaries/dot2ip.o
 .bss           0x81017010        0x0 binaries/hexdump.o
 .bss           0x81017010        0x0 binaries/icmp.o
 .bss           0x81017010        0x0 binaries/ip.o
 .bss           0x81017010        0x0 binaries/net.o
 .bss           0x81017010        0x0 binaries/pdump.o
 .bss           0x81017010        0x0 binaries/tftp.o
 .bss           0x81017010        0x0 binaries/udp.o
 .bss           0x81017010        0x0 binaries/addargs.o
 .bss           0x81017010        0x0 binaries/lexan.o
 .bss           0x81017010        0x0 binaries/shell.o
 .bss           0x81017010        0x0 binaries/xsh_argecho.o
 .bss           0x81017010        0x0 binaries/xsh_arp.o
 .bss           0x81017010        0x0 binaries/xsh_cat.o
 .bss           0x81017010        0x0 binaries/xsh_clear.o
 .bss           0x81017010        0x0 binaries/xsh_date.o
 .bss           0x81017010        0x0 binaries/xsh_devdump.o
 .bss           0x81017010        0x0 binaries/xsh_echo.o
 .bss           0x81017010        0x0 binaries/xsh_exit.o
 .bss           0x81017010        0x0 binaries/xsh_help.o
 .bss           0x81017010        0x0 binaries/xsh_kill.o
 .bss           0x81017010        0x0 binaries/xsh_memdump.o
 .bss           0x81017010        0x0 binaries/xsh_memstat.o
 .bss           0x81017010        0x0 binaries/xsh_netinfo.o
 .bss           0x81017010        0x4 binaries/xsh_ping.o
 .bss           0x81017014        0x0 binaries/xsh_ps.o
 .bss           0x81017014        0x0 binaries/xsh_sleep.o
 .bss           0x81017014        0x0 binaries/xsh_udpdump.o
 .bss           0x81017014        0x0 binaries/xsh_udpecho.o
 .bss           0x81017014        0x0 binaries/xsh_udpserver.o
 .bss           0x81017014        0x0 binaries/xsh_uptime.o
 .bss           0x81017014        0x0 binaries/ctxsw.o
 .bss           0x81017014        0x0 binaries/intr.o
 .bss           0x81017014        0x0 ../cross_compiler/lib/gcc/arm-none-eabi/4.8.1//libgcc.a(_udivsi3.o)
 .bss           0x81017014        0x0 ../cross_compiler/lib/gcc/arm-none-eabi/4.8.1//libgcc.a(_divsi3.o)
 .bss           0x81017014        0x0 ../cross_compiler/lib/gcc/arm-none-eabi/4.8.1//libgcc.a(_dvmd_tls.o)
 .bss           0x81017014        0x0 ../cross_compiler/lib/gcc/arm-none-eabi/4.8.1//libgcc.a(_arm_muldivdf3.o)
 .bss           0x81017014        0x0 ../cross_compiler/lib/gcc/arm-none-eabi/4.8.1//libgcc.a(_arm_cmpdf2.o)
 .bss           0x81017014        0x0 ../cross_compiler/lib/gcc/arm-none-eabi/4.8.1//libgcc.a(_arm_fixdfsi.o)
 *(COMMON)
 COMMON         0x81017014       0xf4 binaries/bufinit.o
                0x81017014                buftab
                0x81017104                nbpools
 COMMON         0x81017108       0x10 binaries/clkinit.o
                0x81017108                sleepq
                0x8101710c                preempt
                0x81017110                count1000
                0x81017114                clktime
 COMMON         0x81017118      0x200 binaries/evec.o
                0x81017118                intc_vector
 COMMON         0x81017318     0x20e0 binaries/initialize.o
                0x81017318                currpid
                0x8101731c                proctab
                0x81018f3c                prcount
                0x81018f40                semtab
                0x810193f0                memlist
 COMMON         0x810193f8        0x8 binaries/main.o
                0x810193f8                recvpid
                0x810193fc                sendpid
 COMMON         0x81019400       0x58 binaries/mark.o
                0x81019400                marks
                0x81019450                nmarks
                0x81019454                mkmutex
 COMMON         0x81019458        0x8 binaries/meminit.o
                0x81019458                minheap
                0x8101945c                maxheap
 COMMON         0x81019460      0x2d8 binaries/ptinit.o
                0x81019460                porttab
                0x81019730                ptnextid
                0x81019734                ptfree
 COMMON         0x81019738      0x980 binaries/queue.o
                0x81019738                queuetab
 COMMON         0x8101a0b8        0x2 binaries/ready.o
                0x8101a0b8                readylist
 *fill*         0x8101a0ba        0x2 
 COMMON         0x8101a0bc        0x8 binaries/resched.o
                0x8101a0bc                Defer
 COMMON         0x8101a0c4      0x110 binaries/ttyinit.o
                0x8101a0c4                ttytab
 COMMON         0x8101a1d4     0x19a4 binaries/naminit.o
                0x8101a1d4                nnames
                0x8101a1d8                nametab
 COMMON         0x8101bb78      0x154 binaries/ethinit.o
                0x8101bb78                eth_a_regs
                0x8101bb94                ethertab
 COMMON         0x8101bccc       0x8c binaries/rdsinit.o
                0x8101bccc                rdstab
 COMMON         0x8101bd58    0x19000 binaries/raminit.o
                0x8101bd58                Ram
 COMMON         0x81034d58      0xf00 binaries/lflinit.o
                0x81034d58                lfltab
 COMMON         0x81035c58      0x20c binaries/lfsinit.o
                0x81035c58                Lf_data
 COMMON         0x81035e64      0x5a0 binaries/rflinit.o
                0x81035e64                rfltab
 COMMON         0x81036404       0x18 binaries/rfsinit.o
                0x81036404                Rf_data
 COMMON         0x8103641c       0x10 binaries/gpioinit.o
                0x8103641c                gpiotab
 COMMON         0x8103642c      0x140 binaries/arp.o
                0x8103642c                arpcache
 COMMON         0x8103656c      0x230 binaries/icmp.o
                0x8103656c                icmptab
 COMMON         0x8103679c       0x2c binaries/ip.o
                0x8103679c                ipoqueue
 COMMON         0x810367c8       0xb8 binaries/net.o
                0x810367c8                netbufpool
                0x810367cc                netportseed
                0x810367d0                NetData
 COMMON         0x81036880      0x168 binaries/udp.o
                0x81036880                udptab
                0x810369e8                ebss = ABSOLUTE (.)
                0x81037000                . = ALIGN (0x1000)
 *fill*         0x810369e8      0x618 
 */()
                0x81037000                end = ABSOLUTE (.)
                0x81037000                _end = ABSOLUTE (.)
                0x81037000                . = ALIGN (0x1000)
LOAD binaries/start.o
LOAD binaries/ascdate.o
LOAD binaries/bufinit.o
LOAD binaries/chprio.o
LOAD binaries/clkhandler.o
LOAD binaries/clkinit.o
LOAD binaries/close.o
LOAD binaries/conf.o
LOAD binaries/control.o
LOAD binaries/create.o
LOAD binaries/evec.o
LOAD binaries/exit.o
LOAD binaries/freebuf.o
LOAD binaries/freemem.o
LOAD binaries/getbuf.o
LOAD binaries/getc.o
LOAD binaries/getdev.o
LOAD binaries/getitem.o
LOAD binaries/getmem.o
LOAD binaries/getpid.o
LOAD binaries/getprio.o
LOAD binaries/getstk.o
LOAD binaries/getticks.o
LOAD binaries/gettime.o
LOAD binaries/getutime.o
LOAD binaries/init.o
LOAD binaries/initialize.o
LOAD binaries/insert.o
LOAD binaries/insertd.o
LOAD binaries/ioerr.o
LOAD binaries/ionull.o
LOAD binaries/kill.o
LOAD binaries/kprintf.o
LOAD binaries/main.o
LOAD binaries/mark.o
LOAD binaries/meminit.o
LOAD binaries/mkbufpool.o
LOAD binaries/newqueue.o
LOAD binaries/open.o
LOAD binaries/panic.o
LOAD binaries/platinit.o
LOAD binaries/ptclear.o
LOAD binaries/ptcount.o
LOAD binaries/ptcreate.o
LOAD binaries/ptdelete.o
LOAD binaries/ptinit.o
LOAD binaries/ptrecv.o
LOAD binaries/ptreset.o
LOAD binaries/ptsend.o
LOAD binaries/putc.o
LOAD binaries/queue.o
LOAD binaries/read.o
LOAD binaries/ready.o
LOAD binaries/receive.o
LOAD binaries/recvclr.o
LOAD binaries/recvtime.o
LOAD binaries/resched.o
LOAD binaries/resume.o
LOAD binaries/rw.o
LOAD binaries/seek.o
LOAD binaries/semcount.o
LOAD binaries/semcreate.o
LOAD binaries/semdelete.o
LOAD binaries/semreset.o
LOAD binaries/send.o
LOAD binaries/signal.o
LOAD binaries/signaln.o
LOAD binaries/sleep.o
LOAD binaries/suspend.o
LOAD binaries/unsleep.o
LOAD binaries/uprintf.o
LOAD binaries/userret.o
LOAD binaries/wait.o
LOAD binaries/wakeup.o
LOAD binaries/write.o
LOAD binaries/xdone.o
LOAD binaries/yield.o
LOAD binaries/abs.o
LOAD binaries/atoi.o
LOAD binaries/atol.o
LOAD binaries/bzero.o
LOAD binaries/ctype_.o
LOAD binaries/doprnt.o
LOAD binaries/doscan.o
LOAD binaries/fdoprnt.o
LOAD binaries/fgetc.o
LOAD binaries/fgets.o
LOAD binaries/fprintf.o
LOAD binaries/fputc.o
[...]
                0x00001d8b       0x35 binaries/ramopen.o
 .ARM.attributes
                0x00001dc0       0x35 binaries/ramread.o
 .ARM.attributes
                0x00001df5       0x35 binaries/ramwrite.o
 .ARM.attributes
                0x00001e2a       0x35 binaries/lfdballoc.o
 .ARM.attributes
                0x00001e5f       0x35 binaries/lfdbfree.o
 .ARM.attributes
                0x00001e94       0x35 binaries/lfflush.o
 .ARM.attributes
                0x00001ec9       0x35 binaries/lfgetmode.o
 .ARM.attributes
                0x00001efe       0x35 binaries/lfiballoc.o
 .ARM.attributes
                0x00001f33       0x35 binaries/lfibclear.o
 .ARM.attributes
                0x00001f68       0x35 binaries/lfibget.o
 .ARM.attributes
                0x00001f9d       0x35 binaries/lfibput.o
 .ARM.attributes
                0x00001fd2       0x35 binaries/lflclose.o
 .ARM.attributes
                0x00002007       0x35 binaries/lflcontrol.o
 .ARM.attributes
                0x0000203c       0x35 binaries/lflgetc.o
 .ARM.attributes
                0x00002071       0x35 binaries/lflinit.o
 .ARM.attributes
                0x000020a6       0x35 binaries/lflputc.o
 .ARM.attributes
                0x000020db       0x35 binaries/lflread.o
 .ARM.attributes
                0x00002110       0x35 binaries/lflseek.o
 .ARM.attributes
                0x00002145       0x35 binaries/lflwrite.o
 .ARM.attributes
                0x0000217a       0x35 binaries/lfscheck.o
 .ARM.attributes
                0x000021af       0x35 binaries/lfsckfmt.o
 .ARM.attributes
                0x000021e4       0x35 binaries/lfscreate.o
 .ARM.attributes
                0x00002219       0x35 binaries/lfsetup.o
 .ARM.attributes
                0x0000224e       0x35 binaries/lfsinit.o
 .ARM.attributes
                0x00002283       0x35 binaries/lfsopen.o
 .ARM.attributes
                0x000022b8       0x35 binaries/lftruncate.o
 .ARM.attributes
                0x000022ed       0x35 binaries/rflclose.o
 .ARM.attributes
                0x00002322       0x35 binaries/rflgetc.o
 .ARM.attributes
                0x00002357       0x35 binaries/rflinit.o
 .ARM.attributes
                0x0000238c       0x35 binaries/rflputc.o
 .ARM.attributes
                0x000023c1       0x35 binaries/rflread.o
 .ARM.attributes
                0x000023f6       0x35 binaries/rflseek.o
 .ARM.attributes
                0x0000242b       0x35 binaries/rflwrite.o
 .ARM.attributes
                0x00002460       0x35 binaries/rfscomm.o
 .ARM.attributes
                0x00002495       0x35 binaries/rfscontrol.o
 .ARM.attributes
                0x000024ca       0x35 binaries/rfsgetmode.o
 .ARM.attributes
                0x000024ff       0x35 binaries/rfsinit.o
 .ARM.attributes
                0x00002534       0x35 binaries/rfsndmsg.o
 .ARM.attributes
                0x00002569       0x35 binaries/rfsopen.o
 .ARM.attributes
                0x0000259e       0x35 binaries/spicontrol.o
 .ARM.attributes
                0x000025d3       0x35 binaries/spiinit.o
 .ARM.attributes
                0x00002608       0x35 binaries/gpiocontrol.o
 .ARM.attributes
                0x0000263d       0x35 binaries/gpiohandler.o
 .ARM.attributes
                0x00002672       0x35 binaries/gpioinit.o
 .ARM.attributes
                0x000026a7       0x35 binaries/gpioread.o
 .ARM.attributes
                0x000026dc       0x35 binaries/gpioselect.o
 .ARM.attributes
                0x00002711       0x35 binaries/gpiowrite.o
 .ARM.attributes
                0x00002746       0x35 binaries/arp.o
 .ARM.attributes
                0x0000277b       0x35 binaries/dhcp.o
 .ARM.attributes
                0x000027b0       0x35 binaries/dns.o
 .ARM.attributes
                0x000027e5       0x35 binaries/dot2ip.o
 .ARM.attributes
                0x0000281a       0x35 binaries/hexdump.o
 .ARM.attributes
                0x0000284f       0x35 binaries/icmp.o
 .ARM.attributes
                0x00002884       0x35 binaries/ip.o
 .ARM.attributes
                0x000028b9       0x35 binaries/net.o
 .ARM.attributes
                0x000028ee       0x35 binaries/pdump.o
 .ARM.attributes
                0x00002923       0x35 binaries/tftp.o
 .ARM.attributes
                0x00002958       0x35 binaries/udp.o
 .ARM.attributes
                0x0000298d       0x35 binaries/addargs.o
 .ARM.attributes
                0x000029c2       0x35 binaries/lexan.o
 .ARM.attributes
                0x000029f7       0x35 binaries/shell.o
 .ARM.attributes
                0x00002a2c       0x35 binaries/xsh_argecho.o
 .ARM.attributes
                0x00002a61       0x35 binaries/xsh_arp.o
 .ARM.attributes
                0x00002a96       0x35 binaries/xsh_cat.o
 .ARM.attributes
                0x00002acb       0x35 binaries/xsh_clear.o
 .ARM.attributes
                0x00002b00       0x35 binaries/xsh_date.o
 .ARM.attributes
                0x00002b35       0x35 binaries/xsh_devdump.o
 .ARM.attributes
                0x00002b6a       0x35 binaries/xsh_echo.o
 .ARM.attributes
                0x00002b9f       0x35 binaries/xsh_exit.o
 .ARM.attributes
                0x00002bd4       0x35 binaries/xsh_help.o
 .ARM.attributes
                0x00002c09       0x35 binaries/xsh_kill.o
 .ARM.attributes
                0x00002c3e       0x35 binaries/xsh_memdump.o
 .ARM.attributes
                0x00002c73       0x35 binaries/xsh_memstat.o
 .ARM.attributes
                0x00002ca8       0x35 binaries/xsh_netinfo.o
 .ARM.attributes
                0x00002cdd       0x35 binaries/xsh_ping.o
 .ARM.attributes
                0x00002d12       0x35 binaries/xsh_ps.o
 .ARM.attributes
                0x00002d47       0x35 binaries/xsh_sleep.o
 .ARM.attributes
                0x00002d7c       0x35 binaries/xsh_udpdump.o
 .ARM.attributes
                0x00002db1       0x35 binaries/xsh_udpecho.o
 .ARM.attributes
                0x00002de6       0x35 binaries/xsh_udpserver.o
 .ARM.attributes
                0x00002e1b       0x35 binaries/xsh_uptime.o
 .ARM.attributes
                0x00002e50       0x25 binaries/ctxsw.o
 .ARM.attributes
                0x00002e75       0x25 binaries/intr.o
 .ARM.attributes
                0x00002e9a       0x18 ../cross_compiler/lib/gcc/arm-none-eabi/4.8.1//libgcc.a(_udivsi3.o)
 .ARM.attributes
                0x00002eb2       0x18 ../cross_compiler/lib/gcc/arm-none-eabi/4.8.1//libgcc.a(_divsi3.o)
 .ARM.attributes
                0x00002eca       0x18 ../cross_compiler/lib/gcc/arm-none-eabi/4.8.1//libgcc.a(_dvmd_tls.o)
 .ARM.attributes
                0x00002ee2       0x18 ../cross_compiler/lib/gcc/arm-none-eabi/4.8.1//libgcc.a(_arm_muldivdf3.o)
 .ARM.attributes
                0x00002efa       0x18 ../cross_compiler/lib/gcc/arm-none-eabi/4.8.1//libgcc.a(_arm_cmpdf2.o)
 .ARM.attributes
                0x00002f12       0x18 ../cross_compiler/lib/gcc/arm-none-eabi/4.8.1//libgcc.a(_arm_fixdfsi.o)

.comment        0x00000000       0x30
 .comment       0x00000000       0x30 binaries/ascdate.o
                                 0x31 (size before relaxing)
 .comment       0x00000000       0x31 binaries/bufinit.o
 .comment       0x00000000       0x31 binaries/chprio.o
 .comment       0x00000000       0x31 binaries/clkhandler.o
 .comment       0x00000000       0x31 binaries/clkinit.o
 .comment       0x00000000       0x31 binaries/close.o
 .comment       0x00000000       0x31 binaries/conf.o
 .comment       0x00000000       0x31 binaries/control.o
 .comment       0x00000000       0x31 binaries/create.o
 .comment       0x00000000       0x31 binaries/evec.o
 .comment       0x00000000       0x31 binaries/exit.o
 .comment       0x00000000       0x31 binaries/freebuf.o
 .comment       0x00000000       0x31 binaries/freemem.o
 .comment       0x00000000       0x31 binaries/getbuf.o
 .comment       0x00000000       0x31 binaries/getc.o
 .comment       0x00000000       0x31 binaries/getdev.o
 .comment       0x00000000       0x31 binaries/getitem.o
 .comment       0x00000000       0x31 binaries/getmem.o
 .comment       0x00000000       0x31 binaries/getpid.o
 .comment       0x00000000       0x31 binaries/getprio.o
 .comment       0x00000000       0x31 binaries/getstk.o
 .comment       0x00000000       0x31 binaries/getticks.o
 .comment       0x00000000       0x31 binaries/gettime.o
 .comment       0x00000000       0x31 binaries/getutime.o
 .comment       0x00000000       0x31 binaries/init.o
 .comment       0x00000000       0x31 binaries/initialize.o
 .comment       0x00000000       0x31 binaries/insert.o
 .comment       0x00000000       0x31 binaries/insertd.o
 .comment       0x00000000       0x31 binaries/ioerr.o
 .comment       0x00000000       0x31 binaries/ionull.o
 .comment       0x00000000       0x31 binaries/kill.o
 .comment       0x00000000       0x31 binaries/kprintf.o
 .comment       0x00000000       0x31 binaries/main.o
 .comment       0x00000000       0x31 binaries/mark.o
 .comment       0x00000000       0x31 binaries/meminit.o
 .comment       0x00000000       0x31 binaries/mkbufpool.o
 .comment       0x00000000       0x31 binaries/newqueue.o
 .comment       0x00000000       0x31 binaries/open.o
 .comment       0x00000000       0x31 binaries/panic.o
 .comment       0x00000000       0x31 binaries/platinit.o
 .comment       0x00000000       0x31 binaries/ptclear.o
 .comment       0x00000000       0x31 binaries/ptcount.o
 .comment       0x00000000       0x31 binaries/ptcreate.o
 .comment       0x00000000       0x31 binaries/ptdelete.o
 .comment       0x00000000       0x31 binaries/ptinit.o
 .comment       0x00000000       0x31 binaries/ptrecv.o
 .comment       0x00000000       0x31 binaries/ptreset.o
 .comment       0x00000000       0x31 binaries/ptsend.o
 .comment       0x00000000       0x31 binaries/putc.o
 .comment       0x00000000       0x31 binaries/queue.o
 .comment       0x00000000       0x31 binaries/read.o
 .comment       0x00000000       0x31 binaries/ready.o
 .comment       0x00000000       0x31 binaries/receive.o
 .comment       0x00000000       0x31 binaries/recvclr.o
 .comment       0x00000000       0x31 binaries/recvtime.o
 .comment       0x00000000       0x31 binaries/resched.o
 .comment       0x00000000       0x31 binaries/resume.o
 .comment       0x00000000       0x31 binaries/rw.o
 .comment       0x00000000       0x31 binaries/seek.o
 .comment       0x00000000       0x31 binaries/semcount.o
 .comment       0x00000000       0x31 binaries/semcreate.o
 .comment       0x00000000       0x31 binaries/semdelete.o
 .comment       0x00000000       0x31 binaries/semreset.o
 .comment       0x00000000       0x31 binaries/send.o
 .comment       0x00000000       0x31 binaries/signal.o
 .comment       0x00000000       0x31 binaries/signaln.o
 .comment       0x00000000       0x31 binaries/sleep.o
 .comment       0x00000000       0x31 binaries/suspend.o
 .comment       0x00000000       0x31 binaries/unsleep.o
 .comment       0x00000000       0x31 binaries/uprintf.o
 .comment       0x00000000       0x31 binaries/userret.o
 .comment       0x00000000       0x31 binaries/wait.o
 .comment       0x00000000       0x31 binaries/wakeup.o
 .comment       0x00000000       0x31 binaries/write.o
 .comment       0x00000000       0x31 binaries/xdone.o
 .comment       0x00000000       0x31 binaries/yield.o
 .comment       0x00000000       0x31 binaries/abs.o
 .comment       0x00000000       0x31 binaries/atoi.o
 .comment       0x00000000       0x31 binaries/atol.o
 .comment       0x00000000       0x31 binaries/bzero.o
 .comment       0x00000000       0x31 binaries/ctype_.o
 .comment       0x00000000       0x31 binaries/doprnt.o
 .comment       0x00000000       0x31 binaries/doscan.o
 .comment       0x00000000       0x31 binaries/fdoprnt.o
 .comment       0x00000000       0x31 binaries/fgetc.o
 .comment       0x00000000       0x31 binaries/fgets.o
 .comment       0x00000000       0x31 binaries/fprintf.o
 .comment       0x00000000       0x31 binaries/fputc.o
 .comment       0x00000000       0x31 binaries/fputs.o
 .comment       0x00000000       0x31 binaries/fscanf.o
 .comment       0x00000000       0x31 binaries/getchar.o
 .comment       0x00000000       0x31 binaries/labs.o
 .comment       0x00000000       0x31 binaries/memchr.o
 .comment       0x00000000       0x31 binaries/memcmp.o
 .comment       0x00000000       0x31 binaries/memcpy.o
 .comment       0x00000000       0x31 binaries/memset.o
 .comment       0x00000000       0x31 binaries/printf.o
 .comment       0x00000000       0x31 binaries/putchar.o
 .comment       0x00000000       0x31 binaries/qsort.o
 .comment       0x00000000       0x31 binaries/rand.o
 .comment       0x00000000       0x31 binaries/sprintf.o
 .comment       0x00000000       0x31 binaries/sscanf.o
 .comment       0x00000000       0x31 binaries/strchr.o
 .comment       0x00000000       0x31 binaries/strcmp.o
 .comment       0x00000000       0x31 binaries/strcpy.o
 .comment       0x00000000       0x31 binaries/strlen.o
 .comment       0x00000000       0x31 binaries/strncat.o
 .comment       0x00000000       0x31 binaries/strncmp.o
 .comment       0x00000000       0x31 binaries/strncpy.o
 .comment       0x00000000       0x31 binaries/strnlen.o
 .comment       0x00000000       0x31 binaries/strrchr.o
 .comment       0x00000000       0x31 binaries/strstr.o
 .comment       0x00000000       0x31 binaries/ttycontrol.o
 .comment       0x00000000       0x31 binaries/ttygetc.o
 .comment       0x00000000       0x31 binaries/ttyhandle_in.o
 .comment       0x00000000       0x31 binaries/ttyhandle_out.o
 .comment       0x00000000       0x31 binaries/ttyhandler.o
 .comment       0x00000000       0x31 binaries/ttyinit.o
 .comment       0x00000000       0x31 binaries/ttykickout.o
 .comment       0x00000000       0x31 binaries/ttyputc.o
 .comment       0x00000000       0x31 binaries/ttyread.o
 .comment       0x00000000       0x31 binaries/ttywrite.o
 .comment       0x00000000       0x31 binaries/mount.o
 .comment       0x00000000       0x31 binaries/naminit.o
 .comment       0x00000000       0x31 binaries/nammap.o
 .comment       0x00000000       0x31 binaries/namopen.o
 .comment       0x00000000       0x31 binaries/ethcontrol.o
 .comment       0x00000000       0x31 binaries/ethhandler.o
 .comment       0x00000000       0x31 binaries/ethinit.o
 .comment       0x00000000       0x31 binaries/ethread.o
 .comment       0x00000000       0x31 binaries/ethwrite.o
 .comment       0x00000000       0x31 binaries/rdsbufalloc.o
 .comment       0x00000000       0x31 binaries/rdsclose.o
 .comment       0x00000000       0x31 binaries/rdscomm.o
 .comment       0x00000000       0x31 binaries/rdscontrol.o
 .comment       0x00000000       0x31 binaries/rdsinit.o
 .comment       0x00000000       0x31 binaries/rdsopen.o
 .comment       0x00000000       0x31 binaries/rdsprocess.o
 .comment       0x00000000       0x31 binaries/rdsread.o
 .comment       0x00000000       0x31 binaries/rdswrite.o
 .comment       0x00000000       0x31 binaries/ramclose.o
 .comment       0x00000000       0x31 binaries/raminit.o
 .comment       0x00000000       0x31 binaries/ramopen.o
 .comment       0x00000000       0x31 binaries/ramread.o
 .comment       0x00000000       0x31 binaries/ramwrite.o
 .comment       0x00000000       0x31 binaries/lfdballoc.o
 .comment       0x00000000       0x31 binaries/lfdbfree.o
 .comment       0x00000000       0x31 binaries/lfflush.o
 .comment       0x00000000       0x31 binaries/lfgetmode.o
 .comment       0x00000000       0x31 binaries/lfiballoc.o
 .comment       0x00000000       0x31 binaries/lfibclear.o
 .comment       0x00000000       0x31 binaries/lfibget.o
 .comment       0x00000000       0x31 binaries/lfibput.o
 .comment       0x00000000       0x31 binaries/lflclose.o
 .comment       0x00000000       0x31 binaries/lflcontrol.o
 .comment       0x00000000       0x31 binaries/lflgetc.o
 .comment       0x00000000       0x31 binaries/lflinit.o
 .comment       0x00000000       0x31 binaries/lflputc.o
 .comment       0x00000000       0x31 binaries/lflread.o
 .comment       0x00000000       0x31 binaries/lflseek.o
 .comment       0x00000000       0x31 binaries/lflwrite.o
 .comment       0x00000000       0x31 binaries/lfscheck.o
 .comment       0x00000000       0x31 binaries/lfsckfmt.o
 .comment       0x00000000       0x31 binaries/lfscreate.o
 .comment       0x00000000       0x31 binaries/lfsetup.o
 .comment       0x00000000       0x31 binaries/lfsinit.o
 .comment       0x00000000       0x31 binaries/lfsopen.o
 .comment       0x00000000       0x31 binaries/lftruncate.o
 .comment       0x00000000       0x31 binaries/rflclose.o
 .comment       0x00000000       0x31 binaries/rflgetc.o
 .comment       0x00000000       0x31 binaries/rflinit.o
 .comment       0x00000000       0x31 binaries/rflputc.o
 .comment       0x00000000       0x31 binaries/rflread.o
 .comment       0x00000000       0x31 binaries/rflseek.o
 .comment       0x00000000       0x31 binaries/rflwrite.o
 .comment       0x00000000       0x31 binaries/rfscomm.o
 .comment       0x00000000       0x31 binaries/rfscontrol.o
 .comment       0x00000000       0x31 binaries/rfsgetmode.o
 .comment       0x00000000       0x31 binaries/rfsinit.o
 .comment       0x00000000       0x31 binaries/rfsndmsg.o
 .comment       0x00000000       0x31 binaries/rfsopen.o
 .comment       0x00000000       0x31 binaries/spicontrol.o
 .comment       0x00000000       0x31 binaries/spiinit.o
 .comment       0x00000000       0x31 binaries/gpiocontrol.o
 .comment       0x00000000       0x31 binaries/gpiohandler.o
 .comment       0x00000000       0x31 binaries/gpioinit.o
 .comment       0x00000000       0x31 binaries/gpioread.o
 .comment       0x00000000       0x31 binaries/gpioselect.o
 .comment       0x00000000       0x31 binaries/gpiowrite.o
 .comment       0x00000000       0x31 binaries/arp.o
 .comment       0x00000000       0x31 binaries/dhcp.o
 .comment       0x00000000       0x31 binaries/dns.o
 .comment       0x00000000       0x31 binaries/dot2ip.o
 .comment       0x00000000       0x31 binaries/hexdump.o
 .comment       0x00000000       0x31 binaries/icmp.o
 .comment       0x00000000       0x31 binaries/ip.o
 .comment       0x00000000       0x31 binaries/net.o
 .comment       0x00000000       0x31 binaries/pdump.o
 .comment       0x00000000       0x31 binaries/tftp.o
 .comment       0x00000000       0x31 binaries/udp.o
 .comment       0x00000000       0x31 binaries/addargs.o
 .comment       0x00000000       0x31 binaries/lexan.o
 .comment       0x00000000       0x31 binaries/shell.o
 .comment       0x00000000       0x31 binaries/xsh_argecho.o
 .comment       0x00000000       0x31 binaries/xsh_arp.o
 .comment       0x00000000       0x31 binaries/xsh_cat.o
 .comment       0x00000000       0x31 binaries/xsh_clear.o
 .comment       0x00000000       0x31 binaries/xsh_date.o
 .comment       0x00000000       0x31 binaries/xsh_devdump.o
 .comment       0x00000000       0x31 binaries/xsh_echo.o
 .comment       0x00000000       0x31 binaries/xsh_exit.o
 .comment       0x00000000       0x31 binaries/xsh_help.o
 .comment       0x00000000       0x31 binaries/xsh_kill.o
 .comment       0x00000000       0x31 binaries/xsh_memdump.o
 .comment       0x00000000       0x31 binaries/xsh_memstat.o
 .comment       0x00000000       0x31 binaries/xsh_netinfo.o
 .comment       0x00000000       0x31 binaries/xsh_ping.o
 .comment       0x00000000       0x31 binaries/xsh_ps.o
 .comment       0x00000000       0x31 binaries/xsh_sleep.o
 .comment       0x00000000       0x31 binaries/xsh_udpdump.o
 .comment       0x00000000       0x31 binaries/xsh_udpecho.o
 .comment       0x00000000       0x31 binaries/xsh_udpserver.o
 .comment       0x00000000       0x31 binaries/xsh_uptime.o

.debug_frame    0x00000000       0x40
 .debug_frame   0x00000000       0x20 ../cross_compiler/lib/gcc/arm-none-eabi/4.8.1//libgcc.a(_udivsi3.o)
 .debug_frame   0x00000020       0x20 ../cross_compiler/lib/gcc/arm-none-eabi/4.8.1//libgcc.a(_divsi3.o)
